******************************************************************************
                  TI ARM Linker Unix v20.2.4                   
******************************************************************************
>> Linked Mon Jun 14 15:44:06 2021

OUTPUT FILE NAME:   <Final Project - Calculator.out>
ENTRY POINT SYMBOL: "_c_int00_noargs"  address: 000008b1


MEMORY CONFIGURATION

         name            origin    length      used     unused   attr    fill
----------------------  --------  ---------  --------  --------  ----  --------
  MAIN                  00000000   00040000  00000924  0003f6dc  R  X
  INFO                  00200000   00004000  00000000  00004000  R  X
  SRAM_CODE             01000000   00010000  00000218  0000fde8  RW X
  SRAM_DATA             20000000   00010000  00000218  0000fde8  RW  


SEGMENT ALLOCATION MAP

run origin  load origin   length   init length attrs members
----------  ----------- ---------- ----------- ----- -------
00000000    00000000    00000924   00000924    r-x
  00000000    00000000    000000e4   000000e4    r-- .intvecs
  000000e4    000000e4    00000824   00000824    r-x .text
  00000908    00000908    0000001c   0000001c    r-- .cinit
20000000    20000000    00000018   00000000    rw-
  20000000    20000000    00000018   00000000    rw- .data
2000fe00    2000fe00    00000200   00000000    rw-
  2000fe00    2000fe00    00000200   00000000    rw- .stack


SECTION ALLOCATION MAP

 output                                  attributes/
section   page    origin      length       input sections
--------  ----  ----------  ----------   ----------------
.intvecs   0    00000000    000000e4     
                  00000000    000000e4     startup_msp432p401r_ccs.obj (.intvecs:retain)

.text      0    000000e4    00000824     
                  000000e4    00000350     main.obj (.text)
                  00000434    00000334     system_msp432p401r.obj (.text)
                  00000768    0000009c     rtsv7M4_T_le_v4SPD16_eabi.lib : memcpy_t2.asm.obj (.text)
                  00000804    00000068                                   : copy_decompress_lzss.c.obj (.text:decompress:lzss:__TI_decompress_lzss)
                  0000086c    00000044                                   : autoinit.c.obj (.text:__TI_auto_init_nobinit_nopinit:__TI_auto_init_nobinit_nopinit)
                  000008b0    00000034                                   : boot_cortex_m.c.obj (.text:_c_int00_noargs:_c_int00_noargs)
                  000008e4    0000000e                                   : copy_decompress_none.c.obj (.text:decompress:none:__TI_decompress_none)
                  000008f2    0000000e     startup_msp432p401r_ccs.obj (.text)
                  00000900    00000004     rtsv7M4_T_le_v4SPD16_eabi.lib : pre_init.c.obj (.text:_system_pre_init)
                  00000904    00000004                                   : exit.c.obj (.text:abort:abort)

.cinit     0    00000908    0000001c     
                  00000908    0000000c     (.cinit..data.load) [load image, compression = lzss]
                  00000914    00000008     (__TI_handler_table)
                  0000091c    00000008     (__TI_cinit_table)

.init_array 
*          0    00000000    00000000     UNINITIALIZED

.binit     0    00000000    00000000     

.data      0    20000000    00000018     UNINITIALIZED
                  20000000    00000014     main.obj (.data)
                  20000014    00000004     system_msp432p401r.obj (.data)

.stack     0    2000fe00    00000200     UNINITIALIZED
                  2000fe00    00000004     rtsv7M4_T_le_v4SPD16_eabi.lib : boot_cortex_m.c.obj (.stack)
                  2000fe04    000001fc     --HOLE--

__llvm_prf_cnts 
*          0    20000000    00000000     UNINITIALIZED

MODULE SUMMARY

       Module                        code   ro data   rw data
       ------                        ----   -------   -------
    ./
       main.obj                      848    0         40     
       system_msp432p401r.obj        820    0         8      
       startup_msp432p401r_ccs.obj   14     228       0      
    +--+-----------------------------+------+---------+---------+
       Total:                        1682   228       48     
                                                             
    /Applications/ti/ccs1031/ccs/tools/compiler/ti-cgt-arm_20.2.4.LTS/lib/rtsv7M4_T_le_v4SPD16_eabi.lib
       memcpy_t2.asm.obj             156    0         0      
       copy_decompress_lzss.c.obj    104    0         0      
       autoinit.c.obj                68     0         0      
       boot_cortex_m.c.obj           52     0         0      
       copy_decompress_none.c.obj    14     0         0      
       exit.c.obj                    4      0         0      
       pre_init.c.obj                4      0         0      
    +--+-----------------------------+------+---------+---------+
       Total:                        402    0         0      
                                                             
       Stack:                        0      0         1024   
       Linker Generated:             0      28        0      
    +--+-----------------------------+------+---------+---------+
       Grand Total:                  2084   256       1072   


LINKER GENERATED COPY TABLES

__TI_cinit_table @ 0000091c records: 1, size/record: 8, table size: 8
	.data: load addr=00000908, load size=0000000c bytes, run addr=20000000, run size=00000018 bytes, compression=lzss


LINKER GENERATED HANDLER TABLE

__TI_handler_table @ 00000914 records: 2, size/record: 4, table size: 8
	index: 0, handler: __TI_decompress_lzss
	index: 1, handler: __TI_decompress_none


GLOBAL SYMBOLS: SORTED ALPHABETICALLY BY Name 

address   name                          
-------   ----                          
000008ff  ADC14_IRQHandler              
000008ff  AES256_IRQHandler             
000008ff  BusFault_Handler              
00000905  C$$EXIT                       
000008ff  COMP_E0_IRQHandler            
000008ff  COMP_E1_IRQHandler            
000008ff  CS_IRQHandler                 
000008ff  DMA_ERR_IRQHandler            
000008ff  DMA_INT0_IRQHandler           
000008ff  DMA_INT1_IRQHandler           
000008ff  DMA_INT2_IRQHandler           
000008ff  DMA_INT3_IRQHandler           
000008ff  DebugMon_Handler              
000008ff  Default_Handler               
000008ff  EUSCIA0_IRQHandler            
000008ff  EUSCIA1_IRQHandler            
000008ff  EUSCIA2_IRQHandler            
000008ff  EUSCIA3_IRQHandler            
000008ff  EUSCIB0_IRQHandler            
000008ff  EUSCIB1_IRQHandler            
000008ff  EUSCIB2_IRQHandler            
000008ff  EUSCIB3_IRQHandler            
000008ff  FLCTL_IRQHandler              
000008ff  FPU_IRQHandler                
000008ff  HardFault_Handler             
000008ff  MemManage_Handler             
000008ff  NMI_Handler                   
000008ff  PCM_IRQHandler                
00000215  PORT1_IRQHandler              
00000215  PORT1_IRQHandler              
000008ff  PORT2_IRQHandler              
00000391  PORT3_IRQHandler              
00000391  PORT3_IRQHandler              
000008ff  PORT4_IRQHandler              
000008ff  PORT5_IRQHandler              
000008ff  PORT6_IRQHandler              
000008ff  PSS_IRQHandler                
000008ff  PendSV_Handler                
000008ff  RTC_C_IRQHandler              
000008f3  Reset_Handler                 
000008ff  SVC_Handler                   
000008ff  SysTick_Handler               
20000014  SystemCoreClock               
00000435  SystemCoreClockUpdate         
000006ad  SystemInit                    
000008ff  T32_INT1_IRQHandler           
000008ff  T32_INT2_IRQHandler           
000008ff  T32_INTC_IRQHandler           
000008ff  TA0_0_IRQHandler              
000008ff  TA0_N_IRQHandler              
000008ff  TA1_0_IRQHandler              
000008ff  TA1_N_IRQHandler              
000008ff  TA2_0_IRQHandler              
000008ff  TA2_N_IRQHandler              
000008ff  TA3_0_IRQHandler              
000008ff  TA3_N_IRQHandler              
000008ff  UsageFault_Handler            
4000480c  WDTCTL_SYM                    
000008ff  WDT_A_IRQHandler              
20010000  __STACK_END                   
00000200  __STACK_SIZE                  
0000091c  __TI_CINIT_Base               
00000924  __TI_CINIT_Limit              
00000914  __TI_Handler_Table_Base       
0000091c  __TI_Handler_Table_Limit      
0000086d  __TI_auto_init_nobinit_nopinit
00000805  __TI_decompress_lzss          
000008e5  __TI_decompress_none          
ffffffff  __TI_pprof_out_hndl           
ffffffff  __TI_prof_data_size           
ffffffff  __TI_prof_data_start          
00000000  __TI_static_base__            
00000769  __aeabi_memcpy                
00000769  __aeabi_memcpy4               
00000769  __aeabi_memcpy8               
ffffffff  __binit__                     
ffffffff  __c_args__                    
UNDEFED   __mpu_init                    
2000fe00  __stack                       
20000000  __start___llvm_prf_cnts       
20000000  __stop___llvm_prf_cnts        
000008b1  _c_int00_noargs               
UNDEFED   _system_post_cinit            
00000901  _system_pre_init              
00000905  abort                         
20000010  alarm                         
ffffffff  binit                         
0000019b  blink                         
2000000c  enter_time                    
20000000  i                             
20000004  ind_formula                   
00000000  interruptVectors              
0000025f  keypad_decode                 
20000008  lhs_operand                   
000000e5  main                          
00000769  memcpy                        


GLOBAL SYMBOLS: SORTED BY Symbol Address 

address   name                          
-------   ----                          
00000000  __TI_static_base__            
00000000  interruptVectors              
000000e5  main                          
0000019b  blink                         
00000200  __STACK_SIZE                  
00000215  PORT1_IRQHandler              
00000215  PORT1_IRQHandler              
0000025f  keypad_decode                 
00000391  PORT3_IRQHandler              
00000391  PORT3_IRQHandler              
00000435  SystemCoreClockUpdate         
000006ad  SystemInit                    
00000769  __aeabi_memcpy                
00000769  __aeabi_memcpy4               
00000769  __aeabi_memcpy8               
00000769  memcpy                        
00000805  __TI_decompress_lzss          
0000086d  __TI_auto_init_nobinit_nopinit
000008b1  _c_int00_noargs               
000008e5  __TI_decompress_none          
000008f3  Reset_Handler                 
000008ff  ADC14_IRQHandler              
000008ff  AES256_IRQHandler             
000008ff  BusFault_Handler              
000008ff  COMP_E0_IRQHandler            
000008ff  COMP_E1_IRQHandler            
000008ff  CS_IRQHandler                 
000008ff  DMA_ERR_IRQHandler            
000008ff  DMA_INT0_IRQHandler           
000008ff  DMA_INT1_IRQHandler           
000008ff  DMA_INT2_IRQHandler           
000008ff  DMA_INT3_IRQHandler           
000008ff  DebugMon_Handler              
000008ff  Default_Handler               
000008ff  EUSCIA0_IRQHandler            
000008ff  EUSCIA1_IRQHandler            
000008ff  EUSCIA2_IRQHandler            
000008ff  EUSCIA3_IRQHandler            
000008ff  EUSCIB0_IRQHandler            
000008ff  EUSCIB1_IRQHandler            
000008ff  EUSCIB2_IRQHandler            
000008ff  EUSCIB3_IRQHandler            
000008ff  FLCTL_IRQHandler              
000008ff  FPU_IRQHandler                
000008ff  HardFault_Handler             
000008ff  MemManage_Handler             
000008ff  NMI_Handler                   
000008ff  PCM_IRQHandler                
000008ff  PORT2_IRQHandler              
000008ff  PORT4_IRQHandler              
000008ff  PORT5_IRQHandler              
000008ff  PORT6_IRQHandler              
000008ff  PSS_IRQHandler                
000008ff  PendSV_Handler                
000008ff  RTC_C_IRQHandler              
000008ff  SVC_Handler                   
000008ff  SysTick_Handler               
000008ff  T32_INT1_IRQHandler           
000008ff  T32_INT2_IRQHandler           
000008ff  T32_INTC_IRQHandler           
000008ff  TA0_0_IRQHandler              
000008ff  TA0_N_IRQHandler              
000008ff  TA1_0_IRQHandler              
000008ff  TA1_N_IRQHandler              
000008ff  TA2_0_IRQHandler              
000008ff  TA2_N_IRQHandler              
000008ff  TA3_0_IRQHandler              
000008ff  TA3_N_IRQHandler              
000008ff  UsageFault_Handler            
000008ff  WDT_A_IRQHandler              
00000901  _system_pre_init              
00000905  C$$EXIT                       
00000905  abort                         
00000914  __TI_Handler_Table_Base       
0000091c  __TI_CINIT_Base               
0000091c  __TI_Handler_Table_Limit      
00000924  __TI_CINIT_Limit              
20000000  __start___llvm_prf_cnts       
20000000  __stop___llvm_prf_cnts        
20000000  i                             
20000004  ind_formula                   
20000008  lhs_operand                   
2000000c  enter_time                    
20000010  alarm                         
20000014  SystemCoreClock               
2000fe00  __stack                       
20010000  __STACK_END                   
4000480c  WDTCTL_SYM                    
ffffffff  __TI_pprof_out_hndl           
ffffffff  __TI_prof_data_size           
ffffffff  __TI_prof_data_start          
ffffffff  __binit__                     
ffffffff  __c_args__                    
ffffffff  binit                         
UNDEFED   __mpu_init                    
UNDEFED   _system_post_cinit            

[96 symbols]
