<?xml version="1.0" encoding="ISO-8859-1" ?>
<link_info>
   <banner>TI ARM Linker Unix v20.2.4.LTS</banner>
   <copyright>Copyright (c) 1996-2018 Texas Instruments Incorporated</copyright>
   <link_time>0x60f05268</link_time>
   <link_errors>0x0</link_errors>
   <output_file>Final Project - Calculator.out</output_file>
   <entry_point>
      <name>_c_int00_noargs</name>
      <address>0x19e9</address>
   </entry_point>
   <input_file_list>
      <input_file id="fl-1">
         <path>./</path>
         <kind>object</kind>
         <file>main.obj</file>
         <name>main.obj</name>
      </input_file>
      <input_file id="fl-2">
         <path>./</path>
         <kind>object</kind>
         <file>startup_msp432p401r_ccs.obj</file>
         <name>startup_msp432p401r_ccs.obj</name>
      </input_file>
      <input_file id="fl-3">
         <path>./</path>
         <kind>object</kind>
         <file>system_msp432p401r.obj</file>
         <name>system_msp432p401r.obj</name>
      </input_file>
      <input_file id="fl-7">
         <kind>object</kind>
         <file>&lt;internal&gt;</file>
         <name>&lt;internal&gt;</name>
      </input_file>
      <input_file id="fl-bd">
         <path>/Applications/ti/ccs1031/ccs/tools/compiler/ti-cgt-arm_20.2.4.LTS/lib/</path>
         <kind>archive</kind>
         <file>rtsv7M4_T_le_v4SPD16_eabi.lib</file>
         <name>ll_div_t2.asm.obj</name>
      </input_file>
      <input_file id="fl-be">
         <path>/Applications/ti/ccs1031/ccs/tools/compiler/ti-cgt-arm_20.2.4.LTS/lib/</path>
         <kind>archive</kind>
         <file>rtsv7M4_T_le_v4SPD16_eabi.lib</file>
         <name>ull_div_t2.asm.obj</name>
      </input_file>
      <input_file id="fl-bf">
         <path>/Applications/ti/ccs1031/ccs/tools/compiler/ti-cgt-arm_20.2.4.LTS/lib/</path>
         <kind>archive</kind>
         <file>rtsv7M4_T_le_v4SPD16_eabi.lib</file>
         <name>fd_add_t2.asm.obj</name>
      </input_file>
      <input_file id="fl-c0">
         <path>/Applications/ti/ccs1031/ccs/tools/compiler/ti-cgt-arm_20.2.4.LTS/lib/</path>
         <kind>archive</kind>
         <file>rtsv7M4_T_le_v4SPD16_eabi.lib</file>
         <name>fd_cmp_t2.asm.obj</name>
      </input_file>
      <input_file id="fl-c1">
         <path>/Applications/ti/ccs1031/ccs/tools/compiler/ti-cgt-arm_20.2.4.LTS/lib/</path>
         <kind>archive</kind>
         <file>rtsv7M4_T_le_v4SPD16_eabi.lib</file>
         <name>fd_div_t2.asm.obj</name>
      </input_file>
      <input_file id="fl-c2">
         <path>/Applications/ti/ccs1031/ccs/tools/compiler/ti-cgt-arm_20.2.4.LTS/lib/</path>
         <kind>archive</kind>
         <file>rtsv7M4_T_le_v4SPD16_eabi.lib</file>
         <name>fd_mul_t2.asm.obj</name>
      </input_file>
      <input_file id="fl-c3">
         <path>/Applications/ti/ccs1031/ccs/tools/compiler/ti-cgt-arm_20.2.4.LTS/lib/</path>
         <kind>archive</kind>
         <file>rtsv7M4_T_le_v4SPD16_eabi.lib</file>
         <name>fd_toi_t2.asm.obj</name>
      </input_file>
      <input_file id="fl-c4">
         <path>/Applications/ti/ccs1031/ccs/tools/compiler/ti-cgt-arm_20.2.4.LTS/lib/</path>
         <kind>archive</kind>
         <file>rtsv7M4_T_le_v4SPD16_eabi.lib</file>
         <name>fd_toll_t2.asm.obj</name>
      </input_file>
      <input_file id="fl-c5">
         <path>/Applications/ti/ccs1031/ccs/tools/compiler/ti-cgt-arm_20.2.4.LTS/lib/</path>
         <kind>archive</kind>
         <file>rtsv7M4_T_le_v4SPD16_eabi.lib</file>
         <name>i_tofd_t2.asm.obj</name>
      </input_file>
      <input_file id="fl-c6">
         <path>/Applications/ti/ccs1031/ccs/tools/compiler/ti-cgt-arm_20.2.4.LTS/lib/</path>
         <kind>archive</kind>
         <file>rtsv7M4_T_le_v4SPD16_eabi.lib</file>
         <name>ll_tofd_t2.asm.obj</name>
      </input_file>
      <input_file id="fl-c7">
         <path>/Applications/ti/ccs1031/ccs/tools/compiler/ti-cgt-arm_20.2.4.LTS/lib/</path>
         <kind>archive</kind>
         <file>rtsv7M4_T_le_v4SPD16_eabi.lib</file>
         <name>copy_zero_init.c.obj</name>
      </input_file>
      <input_file id="fl-c8">
         <path>/Applications/ti/ccs1031/ccs/tools/compiler/ti-cgt-arm_20.2.4.LTS/lib/</path>
         <kind>archive</kind>
         <file>rtsv7M4_T_le_v4SPD16_eabi.lib</file>
         <name>copy_decompress_none.c.obj</name>
      </input_file>
      <input_file id="fl-c9">
         <path>/Applications/ti/ccs1031/ccs/tools/compiler/ti-cgt-arm_20.2.4.LTS/lib/</path>
         <kind>archive</kind>
         <file>rtsv7M4_T_le_v4SPD16_eabi.lib</file>
         <name>copy_decompress_lzss.c.obj</name>
      </input_file>
      <input_file id="fl-ca">
         <path>/Applications/ti/ccs1031/ccs/tools/compiler/ti-cgt-arm_20.2.4.LTS/lib/</path>
         <kind>archive</kind>
         <file>rtsv7M4_T_le_v4SPD16_eabi.lib</file>
         <name>boot_cortex_m.c.obj</name>
      </input_file>
      <input_file id="fl-cb">
         <path>/Applications/ti/ccs1031/ccs/tools/compiler/ti-cgt-arm_20.2.4.LTS/lib/</path>
         <kind>archive</kind>
         <file>rtsv7M4_T_le_v4SPD16_eabi.lib</file>
         <name>div0.asm.obj</name>
      </input_file>
      <input_file id="fl-cc">
         <path>/Applications/ti/ccs1031/ccs/tools/compiler/ti-cgt-arm_20.2.4.LTS/lib/</path>
         <kind>archive</kind>
         <file>rtsv7M4_T_le_v4SPD16_eabi.lib</file>
         <name>memset_t2.asm.obj</name>
      </input_file>
      <input_file id="fl-cd">
         <path>/Applications/ti/ccs1031/ccs/tools/compiler/ti-cgt-arm_20.2.4.LTS/lib/</path>
         <kind>archive</kind>
         <file>rtsv7M4_T_le_v4SPD16_eabi.lib</file>
         <name>memcpy_t2.asm.obj</name>
      </input_file>
      <input_file id="fl-ce">
         <path>/Applications/ti/ccs1031/ccs/tools/compiler/ti-cgt-arm_20.2.4.LTS/lib/</path>
         <kind>archive</kind>
         <file>rtsv7M4_T_le_v4SPD16_eabi.lib</file>
         <name>autoinit.c.obj</name>
      </input_file>
      <input_file id="fl-cf">
         <path>/Applications/ti/ccs1031/ccs/tools/compiler/ti-cgt-arm_20.2.4.LTS/lib/</path>
         <kind>archive</kind>
         <file>rtsv7M4_T_le_v4SPD16_eabi.lib</file>
         <name>pre_init.c.obj</name>
      </input_file>
      <input_file id="fl-d0">
         <path>/Applications/ti/ccs1031/ccs/tools/compiler/ti-cgt-arm_20.2.4.LTS/lib/</path>
         <kind>archive</kind>
         <file>rtsv7M4_T_le_v4SPD16_eabi.lib</file>
         <name>cpy_tbl.c.obj</name>
      </input_file>
      <input_file id="fl-d1">
         <path>/Applications/ti/ccs1031/ccs/tools/compiler/ti-cgt-arm_20.2.4.LTS/lib/</path>
         <kind>archive</kind>
         <file>rtsv7M4_T_le_v4SPD16_eabi.lib</file>
         <name>exit.c.obj</name>
      </input_file>
      <input_file id="fl-d2">
         <path>/Applications/ti/ccs1031/ccs/tools/compiler/ti-cgt-arm_20.2.4.LTS/lib/</path>
         <kind>archive</kind>
         <file>rtsv7M4_T_le_v4SPD16_eabi.lib</file>
         <name>_lock.c.obj</name>
      </input_file>
      <input_file id="fl-d3">
         <path>/Applications/ti/ccs1031/ccs/tools/compiler/ti-cgt-arm_20.2.4.LTS/lib/</path>
         <kind>archive</kind>
         <file>rtsv7M4_T_le_v4SPD16_eabi.lib</file>
         <name>args_main.c.obj</name>
      </input_file>
   </input_file_list>
   <object_component_list>
      <object_component id="oc-26">
         <name>.intvecs:retain</name>
         <load_address>0x0</load_address>
         <run_address>0x0</run_address>
         <size>0xe4</size>
         <input_file_ref idref="fl-2"/>
      </object_component>
      <object_component id="oc-6d">
         <name>.text</name>
         <load_address>0xe4</load_address>
         <run_address>0xe4</run_address>
         <size>0xeec</size>
         <input_file_ref idref="fl-1"/>
      </object_component>
      <object_component id="oc-a5">
         <name>.text</name>
         <load_address>0xfd0</load_address>
         <run_address>0xfd0</run_address>
         <size>0x1e0</size>
         <input_file_ref idref="fl-3"/>
      </object_component>
      <object_component id="oc-bb">
         <name>.text</name>
         <load_address>0x11b0</load_address>
         <run_address>0x11b0</run_address>
         <size>0x1b6</size>
         <input_file_ref idref="fl-bf"/>
      </object_component>
      <object_component id="oc-d7">
         <name>.text</name>
         <load_address>0x1366</load_address>
         <run_address>0x1366</run_address>
         <size>0x136</size>
         <input_file_ref idref="fl-c1"/>
      </object_component>
      <object_component id="oc-c5">
         <name>.text</name>
         <load_address>0x149c</load_address>
         <run_address>0x149c</run_address>
         <size>0xfc</size>
         <input_file_ref idref="fl-c2"/>
      </object_component>
      <object_component id="oc-37">
         <name>.text</name>
         <load_address>0x1598</load_address>
         <run_address>0x1598</run_address>
         <size>0x9c</size>
         <input_file_ref idref="fl-cd"/>
      </object_component>
      <object_component id="oc-14d">
         <name>.text</name>
         <load_address>0x1634</load_address>
         <run_address>0x1634</run_address>
         <size>0x96</size>
         <input_file_ref idref="fl-be"/>
      </object_component>
      <object_component id="oc-ac">
         <name>.text:__aeabi_cdcmple</name>
         <load_address>0x16ca</load_address>
         <run_address>0x16ca</run_address>
         <size>0x86</size>
         <input_file_ref idref="fl-c0"/>
      </object_component>
      <object_component id="oc-dc">
         <name>.text:__aeabi_cdrcmple</name>
         <load_address>0x1750</load_address>
         <run_address>0x1750</run_address>
         <size>0x86</size>
         <input_file_ref idref="fl-c0"/>
      </object_component>
      <object_component id="oc-b1">
         <name>.text</name>
         <load_address>0x17d6</load_address>
         <run_address>0x17d6</run_address>
         <size>0x70</size>
         <input_file_ref idref="fl-c4"/>
      </object_component>
      <object_component id="oc-c0">
         <name>.text</name>
         <load_address>0x1846</load_address>
         <run_address>0x1846</run_address>
         <size>0x6e</size>
         <input_file_ref idref="fl-bd"/>
      </object_component>
      <object_component id="oc-17">
         <name>.text:decompress:lzss:__TI_decompress_lzss</name>
         <load_address>0x18b4</load_address>
         <run_address>0x18b4</run_address>
         <size>0x68</size>
         <input_file_ref idref="fl-c9"/>
      </object_component>
      <object_component id="oc-ca">
         <name>.text</name>
         <load_address>0x191c</load_address>
         <run_address>0x191c</run_address>
         <size>0x48</size>
         <input_file_ref idref="fl-c3"/>
      </object_component>
      <object_component id="oc-10e">
         <name>.text:__TI_auto_init_nobinit_nopinit:__TI_auto_init_nobinit_nopinit</name>
         <load_address>0x1964</load_address>
         <run_address>0x1964</run_address>
         <size>0x44</size>
         <input_file_ref idref="fl-ce"/>
      </object_component>
      <object_component id="oc-b6">
         <name>.text</name>
         <load_address>0x19a8</load_address>
         <run_address>0x19a8</run_address>
         <size>0x40</size>
         <input_file_ref idref="fl-c6"/>
      </object_component>
      <object_component id="oc-55">
         <name>.text:_c_int00_noargs:_c_int00_noargs</name>
         <load_address>0x19e8</load_address>
         <run_address>0x19e8</run_address>
         <size>0x34</size>
         <input_file_ref idref="fl-ca"/>
      </object_component>
      <object_component id="oc-cf">
         <name>.text</name>
         <load_address>0x1a1c</load_address>
         <run_address>0x1a1c</run_address>
         <size>0x2e</size>
         <input_file_ref idref="fl-c5"/>
      </object_component>
      <object_component id="oc-1d">
         <name>.text:decompress:none:__TI_decompress_none</name>
         <load_address>0x1a4a</load_address>
         <run_address>0x1a4a</run_address>
         <size>0xe</size>
         <input_file_ref idref="fl-c8"/>
      </object_component>
      <object_component id="oc-67">
         <name>.text</name>
         <load_address>0x1a58</load_address>
         <run_address>0x1a58</run_address>
         <size>0xe</size>
         <input_file_ref idref="fl-2"/>
      </object_component>
      <object_component id="oc-93">
         <name>.text:_system_pre_init</name>
         <load_address>0x1a66</load_address>
         <run_address>0x1a66</run_address>
         <size>0x4</size>
         <input_file_ref idref="fl-cf"/>
      </object_component>
      <object_component id="oc-102">
         <name>.text:abort:abort</name>
         <load_address>0x1a6a</load_address>
         <run_address>0x1a6a</run_address>
         <size>0x4</size>
         <input_file_ref idref="fl-d1"/>
      </object_component>
      <object_component id="oc-148">
         <name>.text</name>
         <load_address>0x1a6e</load_address>
         <run_address>0x1a6e</run_address>
         <size>0x2</size>
         <input_file_ref idref="fl-cb"/>
      </object_component>
      <object_component id="oc-d4">
         <name>.const:font_table</name>
         <load_address>0x1a70</load_address>
         <run_address>0x1a70</run_address>
         <size>0x192</size>
         <input_file_ref idref="fl-1"/>
      </object_component>
      <object_component id="oc-1f2">
         <name>.cinit..data.load</name>
         <load_address>0x1c08</load_address>
         <run_address>0x1c08</run_address>
         <size>0x13</size>
      </object_component>
      <object_component id="oc-1f0">
         <name>__TI_handler_table</name>
         <load_address>0x1c1c</load_address>
         <run_address>0x1c1c</run_address>
         <size>0x8</size>
      </object_component>
      <object_component id="oc-1f1">
         <name>__TI_cinit_table</name>
         <load_address>0x1c24</load_address>
         <run_address>0x1c24</run_address>
         <size>0x8</size>
      </object_component>
      <object_component id="oc-1c4">
         <name>.binit</name>
         <load_address>0x0</load_address>
         <run_address>0x0</run_address>
         <size>0x0</size>
      </object_component>
      <object_component id="oc-e1">
         <name>.data</name>
         <load_address>0x20000000</load_address>
         <run_address>0x20000000</run_address>
         <size>0x24</size>
         <input_file_ref idref="fl-1"/>
      </object_component>
      <object_component id="oc-140">
         <name>.data</name>
         <load_address>0x20000024</load_address>
         <run_address>0x20000024</run_address>
         <size>0x4</size>
         <input_file_ref idref="fl-3"/>
      </object_component>
      <object_component id="oc-29">
         <name>.stack</name>
         <uninitialized>true</uninitialized>
         <run_address>0x2000fe00</run_address>
         <size>0x4</size>
         <input_file_ref idref="fl-ca"/>
      </object_component>
      <object_component id="oc-1f4">
         <name>.stack</name>
         <uninitialized>true</uninitialized>
         <run_address>0x2000fe00</run_address>
         <size>0x0</size>
      </object_component>
      <object_component id="oc-e5">
         <name>.debug_info</name>
         <load_address>0x0</load_address>
         <run_address>0x0</run_address>
         <size>0x5f5</size>
         <input_file_ref idref="fl-1"/>
      </object_component>
      <object_component id="oc-e2">
         <name>.debug_info</name>
         <load_address>0x5f5</load_address>
         <run_address>0x5f5</run_address>
         <size>0x1ab</size>
         <input_file_ref idref="fl-1"/>
      </object_component>
      <object_component id="oc-d5">
         <name>.debug_info</name>
         <load_address>0x7a0</load_address>
         <run_address>0x7a0</run_address>
         <size>0x10f</size>
         <input_file_ref idref="fl-1"/>
      </object_component>
      <object_component id="oc-6e">
         <name>.debug_info</name>
         <load_address>0x8af</load_address>
         <run_address>0x8af</run_address>
         <size>0x1967</size>
         <input_file_ref idref="fl-1"/>
      </object_component>
      <object_component id="oc-15e">
         <name>.debug_info</name>
         <load_address>0x2216</load_address>
         <run_address>0x2216</run_address>
         <size>0x37e2</size>
         <input_file_ref idref="fl-1"/>
      </object_component>
      <object_component id="oc-163">
         <name>.debug_info</name>
         <load_address>0x59f8</load_address>
         <run_address>0x59f8</run_address>
         <size>0x1055</size>
         <input_file_ref idref="fl-1"/>
      </object_component>
      <object_component id="oc-ed">
         <name>.debug_info</name>
         <load_address>0x6a4d</load_address>
         <run_address>0x6a4d</run_address>
         <size>0x26b</size>
         <input_file_ref idref="fl-1"/>
      </object_component>
      <object_component id="oc-32">
         <name>.debug_info</name>
         <load_address>0x6cb8</load_address>
         <run_address>0x6cb8</run_address>
         <size>0x84</size>
         <input_file_ref idref="fl-1"/>
      </object_component>
      <object_component id="oc-168">
         <name>.debug_info</name>
         <load_address>0x6d3c</load_address>
         <run_address>0x6d3c</run_address>
         <size>0x2a4</size>
         <input_file_ref idref="fl-1"/>
      </object_component>
      <object_component id="oc-e6">
         <name>.debug_info</name>
         <load_address>0x6fe0</load_address>
         <run_address>0x6fe0</run_address>
         <size>0xbb</size>
         <input_file_ref idref="fl-1"/>
      </object_component>
      <object_component id="oc-75">
         <name>.debug_info</name>
         <load_address>0x709b</load_address>
         <run_address>0x709b</run_address>
         <size>0x302</size>
         <input_file_ref idref="fl-2"/>
      </object_component>
      <object_component id="oc-27">
         <name>.debug_info</name>
         <load_address>0x739d</load_address>
         <run_address>0x739d</run_address>
         <size>0x12e</size>
         <input_file_ref idref="fl-2"/>
      </object_component>
      <object_component id="oc-68">
         <name>.debug_info</name>
         <load_address>0x74cb</load_address>
         <run_address>0x74cb</run_address>
         <size>0x1f5</size>
         <input_file_ref idref="fl-2"/>
      </object_component>
      <object_component id="oc-141">
         <name>.debug_info</name>
         <load_address>0x76c0</load_address>
         <run_address>0x76c0</run_address>
         <size>0x127</size>
         <input_file_ref idref="fl-3"/>
      </object_component>
      <object_component id="oc-a6">
         <name>.debug_info</name>
         <load_address>0x77e7</load_address>
         <run_address>0x77e7</run_address>
         <size>0x293</size>
         <input_file_ref idref="fl-3"/>
      </object_component>
      <object_component id="oc-c1">
         <name>.debug_info</name>
         <load_address>0x7a7a</load_address>
         <run_address>0x7a7a</run_address>
         <size>0x13f</size>
         <input_file_ref idref="fl-bd"/>
      </object_component>
      <object_component id="oc-14e">
         <name>.debug_info</name>
         <load_address>0x7bb9</load_address>
         <run_address>0x7bb9</run_address>
         <size>0x134</size>
         <input_file_ref idref="fl-be"/>
      </object_component>
      <object_component id="oc-bc">
         <name>.debug_info</name>
         <load_address>0x7ced</load_address>
         <run_address>0x7ced</run_address>
         <size>0x14c</size>
         <input_file_ref idref="fl-bf"/>
      </object_component>
      <object_component id="oc-ae">
         <name>.debug_info</name>
         <load_address>0x7e39</load_address>
         <run_address>0x7e39</run_address>
         <size>0x128</size>
         <input_file_ref idref="fl-c0"/>
      </object_component>
      <object_component id="oc-dd">
         <name>.debug_info</name>
         <load_address>0x7f61</load_address>
         <run_address>0x7f61</run_address>
         <size>0x12a</size>
         <input_file_ref idref="fl-c0"/>
      </object_component>
      <object_component id="oc-d8">
         <name>.debug_info</name>
         <load_address>0x808b</load_address>
         <run_address>0x808b</run_address>
         <size>0x13a</size>
         <input_file_ref idref="fl-c1"/>
      </object_component>
      <object_component id="oc-c6">
         <name>.debug_info</name>
         <load_address>0x81c5</load_address>
         <run_address>0x81c5</run_address>
         <size>0x13a</size>
         <input_file_ref idref="fl-c2"/>
      </object_component>
      <object_component id="oc-cb">
         <name>.debug_info</name>
         <load_address>0x82ff</load_address>
         <run_address>0x82ff</run_address>
         <size>0x12e</size>
         <input_file_ref idref="fl-c3"/>
      </object_component>
      <object_component id="oc-b2">
         <name>.debug_info</name>
         <load_address>0x842d</load_address>
         <run_address>0x842d</run_address>
         <size>0x135</size>
         <input_file_ref idref="fl-c4"/>
      </object_component>
      <object_component id="oc-d0">
         <name>.debug_info</name>
         <load_address>0x8562</load_address>
         <run_address>0x8562</run_address>
         <size>0x12c</size>
         <input_file_ref idref="fl-c5"/>
      </object_component>
      <object_component id="oc-b7">
         <name>.debug_info</name>
         <load_address>0x868e</load_address>
         <run_address>0x868e</run_address>
         <size>0x127</size>
         <input_file_ref idref="fl-c6"/>
      </object_component>
      <object_component id="oc-42">
         <name>.debug_info</name>
         <load_address>0x87b5</load_address>
         <run_address>0x87b5</run_address>
         <size>0x2a8</size>
         <input_file_ref idref="fl-c8"/>
      </object_component>
      <object_component id="oc-1e">
         <name>.debug_info</name>
         <load_address>0x8a5d</load_address>
         <run_address>0x8a5d</run_address>
         <size>0x1ea</size>
         <input_file_ref idref="fl-c8"/>
      </object_component>
      <object_component id="oc-3d">
         <name>.debug_info</name>
         <load_address>0x8c47</load_address>
         <run_address>0x8c47</run_address>
         <size>0x46</size>
         <input_file_ref idref="fl-c8"/>
      </object_component>
      <object_component id="oc-7f">
         <name>.debug_info</name>
         <load_address>0x8c8d</load_address>
         <run_address>0x8c8d</run_address>
         <size>0x2c</size>
         <input_file_ref idref="fl-c8"/>
      </object_component>
      <object_component id="oc-7d">
         <name>.debug_info</name>
         <load_address>0x8cb9</load_address>
         <run_address>0x8cb9</run_address>
         <size>0x29e</size>
         <input_file_ref idref="fl-c9"/>
      </object_component>
      <object_component id="oc-18">
         <name>.debug_info</name>
         <load_address>0x8f57</load_address>
         <run_address>0x8f57</run_address>
         <size>0x250</size>
         <input_file_ref idref="fl-c9"/>
      </object_component>
      <object_component id="oc-2d">
         <name>.debug_info</name>
         <load_address>0x91a7</load_address>
         <run_address>0x91a7</run_address>
         <size>0x60</size>
         <input_file_ref idref="fl-c9"/>
      </object_component>
      <object_component id="oc-f2">
         <name>.debug_info</name>
         <load_address>0x9207</load_address>
         <run_address>0x9207</run_address>
         <size>0x46</size>
         <input_file_ref idref="fl-c9"/>
      </object_component>
      <object_component id="oc-78">
         <name>.debug_info</name>
         <load_address>0x924d</load_address>
         <run_address>0x924d</run_address>
         <size>0x39</size>
         <input_file_ref idref="fl-c9"/>
      </object_component>
      <object_component id="oc-2a">
         <name>.debug_info</name>
         <load_address>0x9286</load_address>
         <run_address>0x9286</run_address>
         <size>0x10b</size>
         <input_file_ref idref="fl-ca"/>
      </object_component>
      <object_component id="oc-56">
         <name>.debug_info</name>
         <load_address>0x9391</load_address>
         <run_address>0x9391</run_address>
         <size>0x1a9</size>
         <input_file_ref idref="fl-ca"/>
      </object_component>
      <object_component id="oc-149">
         <name>.debug_info</name>
         <load_address>0x953a</load_address>
         <run_address>0x953a</run_address>
         <size>0x115</size>
         <input_file_ref idref="fl-cb"/>
      </object_component>
      <object_component id="oc-38">
         <name>.debug_info</name>
         <load_address>0x964f</load_address>
         <run_address>0x964f</run_address>
         <size>0x119</size>
         <input_file_ref idref="fl-cd"/>
      </object_component>
      <object_component id="oc-178">
         <name>.debug_info</name>
         <load_address>0x9768</load_address>
         <run_address>0x9768</run_address>
         <size>0x4b3</size>
         <input_file_ref idref="fl-ce"/>
      </object_component>
      <object_component id="oc-10f">
         <name>.debug_info</name>
         <load_address>0x9c1b</load_address>
         <run_address>0x9c1b</run_address>
         <size>0x1a6</size>
         <input_file_ref idref="fl-ce"/>
      </object_component>
      <object_component id="oc-1a1">
         <name>.debug_info</name>
         <load_address>0x9dc1</load_address>
         <run_address>0x9dc1</run_address>
         <size>0x39</size>
         <input_file_ref idref="fl-ce"/>
      </object_component>
      <object_component id="oc-1b5">
         <name>.debug_info</name>
         <load_address>0x9dfa</load_address>
         <run_address>0x9dfa</run_address>
         <size>0x39</size>
         <input_file_ref idref="fl-ce"/>
      </object_component>
      <object_component id="oc-1a6">
         <name>.debug_info</name>
         <load_address>0x9e33</load_address>
         <run_address>0x9e33</run_address>
         <size>0x39</size>
         <input_file_ref idref="fl-ce"/>
      </object_component>
      <object_component id="oc-1ab">
         <name>.debug_info</name>
         <load_address>0x9e6c</load_address>
         <run_address>0x9e6c</run_address>
         <size>0xcd</size>
         <input_file_ref idref="fl-ce"/>
      </object_component>
      <object_component id="oc-94">
         <name>.debug_info</name>
         <load_address>0x9f39</load_address>
         <run_address>0x9f39</run_address>
         <size>0x153</size>
         <input_file_ref idref="fl-cf"/>
      </object_component>
      <object_component id="oc-103">
         <name>.debug_info</name>
         <load_address>0xa08c</load_address>
         <run_address>0xa08c</run_address>
         <size>0x122</size>
         <input_file_ref idref="fl-d1"/>
      </object_component>
      <object_component id="oc-1f5">
         <name>.debug_info</name>
         <load_address>0xa1ae</load_address>
         <run_address>0xa1ae</run_address>
         <size>0xda</size>
      </object_component>
      <object_component id="oc-15d">
         <name>.debug_line</name>
         <load_address>0x0</load_address>
         <run_address>0x0</run_address>
         <size>0x2d</size>
         <input_file_ref idref="fl-1"/>
      </object_component>
      <object_component id="oc-15b">
         <name>.debug_line</name>
         <load_address>0x2d</load_address>
         <run_address>0x2d</run_address>
         <size>0x2d</size>
         <input_file_ref idref="fl-1"/>
      </object_component>
      <object_component id="oc-157">
         <name>.debug_line</name>
         <load_address>0x5a</load_address>
         <run_address>0x5a</run_address>
         <size>0x2d</size>
         <input_file_ref idref="fl-1"/>
      </object_component>
      <object_component id="oc-71">
         <name>.debug_line</name>
         <load_address>0x87</load_address>
         <run_address>0x87</run_address>
         <size>0x588</size>
         <input_file_ref idref="fl-1"/>
      </object_component>
      <object_component id="oc-161">
         <name>.debug_line</name>
         <load_address>0x60f</load_address>
         <run_address>0x60f</run_address>
         <size>0x63</size>
         <input_file_ref idref="fl-1"/>
      </object_component>
      <object_component id="oc-166">
         <name>.debug_line</name>
         <load_address>0x672</load_address>
         <run_address>0x672</run_address>
         <size>0x66</size>
         <input_file_ref idref="fl-1"/>
      </object_component>
      <object_component id="oc-f0">
         <name>.debug_line</name>
         <load_address>0x6d8</load_address>
         <run_address>0x6d8</run_address>
         <size>0x7a</size>
         <input_file_ref idref="fl-1"/>
      </object_component>
      <object_component id="oc-35">
         <name>.debug_line</name>
         <load_address>0x752</load_address>
         <run_address>0x752</run_address>
         <size>0x20</size>
         <input_file_ref idref="fl-1"/>
      </object_component>
      <object_component id="oc-16b">
         <name>.debug_line</name>
         <load_address>0x772</load_address>
         <run_address>0x772</run_address>
         <size>0x7e</size>
         <input_file_ref idref="fl-1"/>
      </object_component>
      <object_component id="oc-e9">
         <name>.debug_line</name>
         <load_address>0x7f0</load_address>
         <run_address>0x7f0</run_address>
         <size>0x7b</size>
         <input_file_ref idref="fl-1"/>
      </object_component>
      <object_component id="oc-ec">
         <name>.debug_line</name>
         <load_address>0x86b</load_address>
         <run_address>0x86b</run_address>
         <size>0x40</size>
         <input_file_ref idref="fl-2"/>
      </object_component>
      <object_component id="oc-74">
         <name>.debug_line</name>
         <load_address>0x8ab</load_address>
         <run_address>0x8ab</run_address>
         <size>0x40</size>
         <input_file_ref idref="fl-2"/>
      </object_component>
      <object_component id="oc-6b">
         <name>.debug_line</name>
         <load_address>0x8eb</load_address>
         <run_address>0x8eb</run_address>
         <size>0x6d</size>
         <input_file_ref idref="fl-2"/>
      </object_component>
      <object_component id="oc-18e">
         <name>.debug_line</name>
         <load_address>0x958</load_address>
         <run_address>0x958</run_address>
         <size>0x3b</size>
         <input_file_ref idref="fl-3"/>
      </object_component>
      <object_component id="oc-a9">
         <name>.debug_line</name>
         <load_address>0x993</load_address>
         <run_address>0x993</run_address>
         <size>0x144</size>
         <input_file_ref idref="fl-3"/>
      </object_component>
      <object_component id="oc-c4">
         <name>.debug_line</name>
         <load_address>0xad7</load_address>
         <run_address>0xad7</run_address>
         <size>0x68</size>
         <input_file_ref idref="fl-bd"/>
      </object_component>
      <object_component id="oc-151">
         <name>.debug_line</name>
         <load_address>0xb3f</load_address>
         <run_address>0xb3f</run_address>
         <size>0x81</size>
         <input_file_ref idref="fl-be"/>
      </object_component>
      <object_component id="oc-bf">
         <name>.debug_line</name>
         <load_address>0xbc0</load_address>
         <run_address>0xbc0</run_address>
         <size>0xd2</size>
         <input_file_ref idref="fl-bf"/>
      </object_component>
      <object_component id="oc-ad">
         <name>.debug_line</name>
         <load_address>0xc92</load_address>
         <run_address>0xc92</run_address>
         <size>0x77</size>
         <input_file_ref idref="fl-c0"/>
      </object_component>
      <object_component id="oc-e0">
         <name>.debug_line</name>
         <load_address>0xd09</load_address>
         <run_address>0xd09</run_address>
         <size>0x77</size>
         <input_file_ref idref="fl-c0"/>
      </object_component>
      <object_component id="oc-db">
         <name>.debug_line</name>
         <load_address>0xd80</load_address>
         <run_address>0xd80</run_address>
         <size>0xa8</size>
         <input_file_ref idref="fl-c1"/>
      </object_component>
      <object_component id="oc-c9">
         <name>.debug_line</name>
         <load_address>0xe28</load_address>
         <run_address>0xe28</run_address>
         <size>0x8e</size>
         <input_file_ref idref="fl-c2"/>
      </object_component>
      <object_component id="oc-ce">
         <name>.debug_line</name>
         <load_address>0xeb6</load_address>
         <run_address>0xeb6</run_address>
         <size>0x5a</size>
         <input_file_ref idref="fl-c3"/>
      </object_component>
      <object_component id="oc-b5">
         <name>.debug_line</name>
         <load_address>0xf10</load_address>
         <run_address>0xf10</run_address>
         <size>0x67</size>
         <input_file_ref idref="fl-c4"/>
      </object_component>
      <object_component id="oc-d3">
         <name>.debug_line</name>
         <load_address>0xf77</load_address>
         <run_address>0xf77</run_address>
         <size>0x50</size>
         <input_file_ref idref="fl-c5"/>
      </object_component>
      <object_component id="oc-ba">
         <name>.debug_line</name>
         <load_address>0xfc7</load_address>
         <run_address>0xfc7</run_address>
         <size>0x57</size>
         <input_file_ref idref="fl-c6"/>
      </object_component>
      <object_component id="oc-85">
         <name>.debug_line</name>
         <load_address>0x101e</load_address>
         <run_address>0x101e</run_address>
         <size>0x20</size>
         <input_file_ref idref="fl-c8"/>
      </object_component>
      <object_component id="oc-21">
         <name>.debug_line</name>
         <load_address>0x103e</load_address>
         <run_address>0x103e</run_address>
         <size>0x55</size>
         <input_file_ref idref="fl-c8"/>
      </object_component>
      <object_component id="oc-40">
         <name>.debug_line</name>
         <load_address>0x1093</load_address>
         <run_address>0x1093</run_address>
         <size>0x3a</size>
         <input_file_ref idref="fl-c8"/>
      </object_component>
      <object_component id="oc-82">
         <name>.debug_line</name>
         <load_address>0x10cd</load_address>
         <run_address>0x10cd</run_address>
         <size>0x92</size>
         <input_file_ref idref="fl-c8"/>
      </object_component>
      <object_component id="oc-f8">
         <name>.debug_line</name>
         <load_address>0x115f</load_address>
         <run_address>0x115f</run_address>
         <size>0x20</size>
         <input_file_ref idref="fl-c9"/>
      </object_component>
      <object_component id="oc-1b">
         <name>.debug_line</name>
         <load_address>0x117f</load_address>
         <run_address>0x117f</run_address>
         <size>0xa9</size>
         <input_file_ref idref="fl-c9"/>
      </object_component>
      <object_component id="oc-30">
         <name>.debug_line</name>
         <load_address>0x1228</load_address>
         <run_address>0x1228</run_address>
         <size>0x3a</size>
         <input_file_ref idref="fl-c9"/>
      </object_component>
      <object_component id="oc-f5">
         <name>.debug_line</name>
         <load_address>0x1262</load_address>
         <run_address>0x1262</run_address>
         <size>0x9a</size>
         <input_file_ref idref="fl-c9"/>
      </object_component>
      <object_component id="oc-7b">
         <name>.debug_line</name>
         <load_address>0x12fc</load_address>
         <run_address>0x12fc</run_address>
         <size>0x96</size>
         <input_file_ref idref="fl-c9"/>
      </object_component>
      <object_component id="oc-77">
         <name>.debug_line</name>
         <load_address>0x1392</load_address>
         <run_address>0x1392</run_address>
         <size>0x33</size>
         <input_file_ref idref="fl-ca"/>
      </object_component>
      <object_component id="oc-59">
         <name>.debug_line</name>
         <load_address>0x13c5</load_address>
         <run_address>0x13c5</run_address>
         <size>0x45</size>
         <input_file_ref idref="fl-ca"/>
      </object_component>
      <object_component id="oc-14c">
         <name>.debug_line</name>
         <load_address>0x140a</load_address>
         <run_address>0x140a</run_address>
         <size>0x37</size>
         <input_file_ref idref="fl-cb"/>
      </object_component>
      <object_component id="oc-3b">
         <name>.debug_line</name>
         <load_address>0x1441</load_address>
         <run_address>0x1441</run_address>
         <size>0x88</size>
         <input_file_ref idref="fl-cd"/>
      </object_component>
      <object_component id="oc-1a0">
         <name>.debug_line</name>
         <load_address>0x14c9</load_address>
         <run_address>0x14c9</run_address>
         <size>0xbf</size>
         <input_file_ref idref="fl-ce"/>
      </object_component>
      <object_component id="oc-112">
         <name>.debug_line</name>
         <load_address>0x1588</load_address>
         <run_address>0x1588</run_address>
         <size>0x6f</size>
         <input_file_ref idref="fl-ce"/>
      </object_component>
      <object_component id="oc-1a4">
         <name>.debug_line</name>
         <load_address>0x15f7</load_address>
         <run_address>0x15f7</run_address>
         <size>0x2e</size>
         <input_file_ref idref="fl-ce"/>
      </object_component>
      <object_component id="oc-1b8">
         <name>.debug_line</name>
         <load_address>0x1625</load_address>
         <run_address>0x1625</run_address>
         <size>0x9a</size>
         <input_file_ref idref="fl-ce"/>
      </object_component>
      <object_component id="oc-1a9">
         <name>.debug_line</name>
         <load_address>0x16bf</load_address>
         <run_address>0x16bf</run_address>
         <size>0x97</size>
         <input_file_ref idref="fl-ce"/>
      </object_component>
      <object_component id="oc-1ae">
         <name>.debug_line</name>
         <load_address>0x1756</load_address>
         <run_address>0x1756</run_address>
         <size>0x93</size>
         <input_file_ref idref="fl-ce"/>
      </object_component>
      <object_component id="oc-97">
         <name>.debug_line</name>
         <load_address>0x17e9</load_address>
         <run_address>0x17e9</run_address>
         <size>0x40</size>
         <input_file_ref idref="fl-cf"/>
      </object_component>
      <object_component id="oc-106">
         <name>.debug_line</name>
         <load_address>0x1829</load_address>
         <run_address>0x1829</run_address>
         <size>0x3c</size>
         <input_file_ref idref="fl-d1"/>
      </object_component>
      <object_component id="oc-72">
         <name>.debug_frame</name>
         <load_address>0x0</load_address>
         <run_address>0x0</run_address>
         <size>0x31c</size>
         <input_file_ref idref="fl-1"/>
      </object_component>
      <object_component id="oc-6c">
         <name>.debug_frame</name>
         <load_address>0x31c</load_address>
         <run_address>0x31c</run_address>
         <size>0x6c</size>
         <input_file_ref idref="fl-2"/>
      </object_component>
      <object_component id="oc-aa">
         <name>.debug_frame</name>
         <load_address>0x388</load_address>
         <run_address>0x388</run_address>
         <size>0x7c</size>
         <input_file_ref idref="fl-3"/>
      </object_component>
      <object_component id="oc-22">
         <name>.debug_frame</name>
         <load_address>0x404</load_address>
         <run_address>0x404</run_address>
         <size>0x54</size>
         <input_file_ref idref="fl-c8"/>
      </object_component>
      <object_component id="oc-1c">
         <name>.debug_frame</name>
         <load_address>0x458</load_address>
         <run_address>0x458</run_address>
         <size>0x60</size>
         <input_file_ref idref="fl-c9"/>
      </object_component>
      <object_component id="oc-5a">
         <name>.debug_frame</name>
         <load_address>0x4b8</load_address>
         <run_address>0x4b8</run_address>
         <size>0x50</size>
         <input_file_ref idref="fl-ca"/>
      </object_component>
      <object_component id="oc-113">
         <name>.debug_frame</name>
         <load_address>0x508</load_address>
         <run_address>0x508</run_address>
         <size>0x5c</size>
         <input_file_ref idref="fl-ce"/>
      </object_component>
      <object_component id="oc-98">
         <name>.debug_frame</name>
         <load_address>0x564</load_address>
         <run_address>0x564</run_address>
         <size>0x54</size>
         <input_file_ref idref="fl-cf"/>
      </object_component>
      <object_component id="oc-107">
         <name>.debug_frame</name>
         <load_address>0x5b8</load_address>
         <run_address>0x5b8</run_address>
         <size>0x54</size>
         <input_file_ref idref="fl-d1"/>
      </object_component>
      <object_component id="oc-15c">
         <name>.debug_abbrev</name>
         <load_address>0x0</load_address>
         <run_address>0x0</run_address>
         <size>0xa4</size>
         <input_file_ref idref="fl-1"/>
      </object_component>
      <object_component id="oc-15a">
         <name>.debug_abbrev</name>
         <load_address>0xa4</load_address>
         <run_address>0xa4</run_address>
         <size>0x29</size>
         <input_file_ref idref="fl-1"/>
      </object_component>
      <object_component id="oc-156">
         <name>.debug_abbrev</name>
         <load_address>0xcd</load_address>
         <run_address>0xcd</run_address>
         <size>0x29</size>
         <input_file_ref idref="fl-1"/>
      </object_component>
      <object_component id="oc-e4">
         <name>.debug_abbrev</name>
         <load_address>0xf6</load_address>
         <run_address>0xf6</run_address>
         <size>0x116</size>
         <input_file_ref idref="fl-1"/>
      </object_component>
      <object_component id="oc-160">
         <name>.debug_abbrev</name>
         <load_address>0x20c</load_address>
         <run_address>0x20c</run_address>
         <size>0xbd</size>
         <input_file_ref idref="fl-1"/>
      </object_component>
      <object_component id="oc-165">
         <name>.debug_abbrev</name>
         <load_address>0x2c9</load_address>
         <run_address>0x2c9</run_address>
         <size>0x97</size>
         <input_file_ref idref="fl-1"/>
      </object_component>
      <object_component id="oc-ef">
         <name>.debug_abbrev</name>
         <load_address>0x360</load_address>
         <run_address>0x360</run_address>
         <size>0x69</size>
         <input_file_ref idref="fl-1"/>
      </object_component>
      <object_component id="oc-34">
         <name>.debug_abbrev</name>
         <load_address>0x3c9</load_address>
         <run_address>0x3c9</run_address>
         <size>0x1f</size>
         <input_file_ref idref="fl-1"/>
      </object_component>
      <object_component id="oc-16a">
         <name>.debug_abbrev</name>
         <load_address>0x3e8</load_address>
         <run_address>0x3e8</run_address>
         <size>0x5c</size>
         <input_file_ref idref="fl-1"/>
      </object_component>
      <object_component id="oc-e8">
         <name>.debug_abbrev</name>
         <load_address>0x444</load_address>
         <run_address>0x444</run_address>
         <size>0x24</size>
         <input_file_ref idref="fl-1"/>
      </object_component>
      <object_component id="oc-eb">
         <name>.debug_abbrev</name>
         <load_address>0x468</load_address>
         <run_address>0x468</run_address>
         <size>0x7c</size>
         <input_file_ref idref="fl-2"/>
      </object_component>
      <object_component id="oc-73">
         <name>.debug_abbrev</name>
         <load_address>0x4e4</load_address>
         <run_address>0x4e4</run_address>
         <size>0x29</size>
         <input_file_ref idref="fl-2"/>
      </object_component>
      <object_component id="oc-ab">
         <name>.debug_abbrev</name>
         <load_address>0x50d</load_address>
         <run_address>0x50d</run_address>
         <size>0x89</size>
         <input_file_ref idref="fl-2"/>
      </object_component>
      <object_component id="oc-18d">
         <name>.debug_abbrev</name>
         <load_address>0x596</load_address>
         <run_address>0x596</run_address>
         <size>0x29</size>
         <input_file_ref idref="fl-3"/>
      </object_component>
      <object_component id="oc-143">
         <name>.debug_abbrev</name>
         <load_address>0x5bf</load_address>
         <run_address>0x5bf</run_address>
         <size>0x8b</size>
         <input_file_ref idref="fl-3"/>
      </object_component>
      <object_component id="oc-152">
         <name>.debug_abbrev</name>
         <load_address>0x64a</load_address>
         <run_address>0x64a</run_address>
         <size>0x4a</size>
         <input_file_ref idref="fl-bd"/>
      </object_component>
      <object_component id="oc-190">
         <name>.debug_abbrev</name>
         <load_address>0x694</load_address>
         <run_address>0x694</run_address>
         <size>0x4a</size>
         <input_file_ref idref="fl-be"/>
      </object_component>
      <object_component id="oc-147">
         <name>.debug_abbrev</name>
         <load_address>0x6de</load_address>
         <run_address>0x6de</run_address>
         <size>0x3c</size>
         <input_file_ref idref="fl-bf"/>
      </object_component>
      <object_component id="oc-144">
         <name>.debug_abbrev</name>
         <load_address>0x71a</load_address>
         <run_address>0x71a</run_address>
         <size>0x3c</size>
         <input_file_ref idref="fl-c0"/>
      </object_component>
      <object_component id="oc-159">
         <name>.debug_abbrev</name>
         <load_address>0x756</load_address>
         <run_address>0x756</run_address>
         <size>0x3c</size>
         <input_file_ref idref="fl-c0"/>
      </object_component>
      <object_component id="oc-158">
         <name>.debug_abbrev</name>
         <load_address>0x792</load_address>
         <run_address>0x792</run_address>
         <size>0x3c</size>
         <input_file_ref idref="fl-c1"/>
      </object_component>
      <object_component id="oc-153">
         <name>.debug_abbrev</name>
         <load_address>0x7ce</load_address>
         <run_address>0x7ce</run_address>
         <size>0x3c</size>
         <input_file_ref idref="fl-c2"/>
      </object_component>
      <object_component id="oc-154">
         <name>.debug_abbrev</name>
         <load_address>0x80a</load_address>
         <run_address>0x80a</run_address>
         <size>0x3c</size>
         <input_file_ref idref="fl-c3"/>
      </object_component>
      <object_component id="oc-145">
         <name>.debug_abbrev</name>
         <load_address>0x846</load_address>
         <run_address>0x846</run_address>
         <size>0x3c</size>
         <input_file_ref idref="fl-c4"/>
      </object_component>
      <object_component id="oc-155">
         <name>.debug_abbrev</name>
         <load_address>0x882</load_address>
         <run_address>0x882</run_address>
         <size>0x3e</size>
         <input_file_ref idref="fl-c5"/>
      </object_component>
      <object_component id="oc-146">
         <name>.debug_abbrev</name>
         <load_address>0x8c0</load_address>
         <run_address>0x8c0</run_address>
         <size>0x3c</size>
         <input_file_ref idref="fl-c6"/>
      </object_component>
      <object_component id="oc-84">
         <name>.debug_abbrev</name>
         <load_address>0x8fc</load_address>
         <run_address>0x8fc</run_address>
         <size>0x37</size>
         <input_file_ref idref="fl-c8"/>
      </object_component>
      <object_component id="oc-3c">
         <name>.debug_abbrev</name>
         <load_address>0x933</load_address>
         <run_address>0x933</run_address>
         <size>0x74</size>
         <input_file_ref idref="fl-c8"/>
      </object_component>
      <object_component id="oc-3f">
         <name>.debug_abbrev</name>
         <load_address>0x9a7</load_address>
         <run_address>0x9a7</run_address>
         <size>0x24</size>
         <input_file_ref idref="fl-c8"/>
      </object_component>
      <object_component id="oc-81">
         <name>.debug_abbrev</name>
         <load_address>0x9cb</load_address>
         <run_address>0x9cb</run_address>
         <size>0x24</size>
         <input_file_ref idref="fl-c8"/>
      </object_component>
      <object_component id="oc-f7">
         <name>.debug_abbrev</name>
         <load_address>0x9ef</load_address>
         <run_address>0x9ef</run_address>
         <size>0x37</size>
         <input_file_ref idref="fl-c9"/>
      </object_component>
      <object_component id="oc-2c">
         <name>.debug_abbrev</name>
         <load_address>0xa26</load_address>
         <run_address>0xa26</run_address>
         <size>0x6f</size>
         <input_file_ref idref="fl-c9"/>
      </object_component>
      <object_component id="oc-2f">
         <name>.debug_abbrev</name>
         <load_address>0xa95</load_address>
         <run_address>0xa95</run_address>
         <size>0x24</size>
         <input_file_ref idref="fl-c9"/>
      </object_component>
      <object_component id="oc-f4">
         <name>.debug_abbrev</name>
         <load_address>0xab9</load_address>
         <run_address>0xab9</run_address>
         <size>0x35</size>
         <input_file_ref idref="fl-c9"/>
      </object_component>
      <object_component id="oc-7a">
         <name>.debug_abbrev</name>
         <load_address>0xaee</load_address>
         <run_address>0xaee</run_address>
         <size>0x24</size>
         <input_file_ref idref="fl-c9"/>
      </object_component>
      <object_component id="oc-76">
         <name>.debug_abbrev</name>
         <load_address>0xb12</load_address>
         <run_address>0xb12</run_address>
         <size>0x29</size>
         <input_file_ref idref="fl-ca"/>
      </object_component>
      <object_component id="oc-9c">
         <name>.debug_abbrev</name>
         <load_address>0xb3b</load_address>
         <run_address>0xb3b</run_address>
         <size>0x55</size>
         <input_file_ref idref="fl-ca"/>
      </object_component>
      <object_component id="oc-18f">
         <name>.debug_abbrev</name>
         <load_address>0xb90</load_address>
         <run_address>0xb90</run_address>
         <size>0x38</size>
         <input_file_ref idref="fl-cb"/>
      </object_component>
      <object_component id="oc-7e">
         <name>.debug_abbrev</name>
         <load_address>0xbc8</load_address>
         <run_address>0xbc8</run_address>
         <size>0x3e</size>
         <input_file_ref idref="fl-cd"/>
      </object_component>
      <object_component id="oc-19f">
         <name>.debug_abbrev</name>
         <load_address>0xc06</load_address>
         <run_address>0xc06</run_address>
         <size>0xc0</size>
         <input_file_ref idref="fl-ce"/>
      </object_component>
      <object_component id="oc-177">
         <name>.debug_abbrev</name>
         <load_address>0xcc6</load_address>
         <run_address>0xcc6</run_address>
         <size>0x7e</size>
         <input_file_ref idref="fl-ce"/>
      </object_component>
      <object_component id="oc-1a3">
         <name>.debug_abbrev</name>
         <load_address>0xd44</load_address>
         <run_address>0xd44</run_address>
         <size>0x24</size>
         <input_file_ref idref="fl-ce"/>
      </object_component>
      <object_component id="oc-1b7">
         <name>.debug_abbrev</name>
         <load_address>0xd68</load_address>
         <run_address>0xd68</run_address>
         <size>0x24</size>
         <input_file_ref idref="fl-ce"/>
      </object_component>
      <object_component id="oc-1a8">
         <name>.debug_abbrev</name>
         <load_address>0xd8c</load_address>
         <run_address>0xd8c</run_address>
         <size>0x24</size>
         <input_file_ref idref="fl-ce"/>
      </object_component>
      <object_component id="oc-1ad">
         <name>.debug_abbrev</name>
         <load_address>0xdb0</load_address>
         <run_address>0xdb0</run_address>
         <size>0x4b</size>
         <input_file_ref idref="fl-ce"/>
      </object_component>
      <object_component id="oc-101">
         <name>.debug_abbrev</name>
         <load_address>0xdfb</load_address>
         <run_address>0xdfb</run_address>
         <size>0x55</size>
         <input_file_ref idref="fl-cf"/>
      </object_component>
      <object_component id="oc-16d">
         <name>.debug_abbrev</name>
         <load_address>0xe50</load_address>
         <run_address>0xe50</run_address>
         <size>0x45</size>
         <input_file_ref idref="fl-d1"/>
      </object_component>
      <object_component id="oc-1f6">
         <name>.debug_abbrev</name>
         <load_address>0xe95</load_address>
         <run_address>0xe95</run_address>
         <size>0xf</size>
      </object_component>
      <object_component id="oc-162">
         <name>.debug_str</name>
         <load_address>0x0</load_address>
         <run_address>0x0</run_address>
         <size>0x160f</size>
         <input_file_ref idref="fl-1"/>
      </object_component>
      <object_component id="oc-167">
         <name>.debug_str</name>
         <load_address>0x160f</load_address>
         <run_address>0x160f</run_address>
         <size>0x4cb</size>
         <input_file_ref idref="fl-1"/>
      </object_component>
      <object_component id="oc-f1">
         <name>.debug_str</name>
         <load_address>0x1ada</load_address>
         <run_address>0x1ada</run_address>
         <size>0x2f6</size>
         <input_file_ref idref="fl-1"/>
      </object_component>
      <object_component id="oc-36">
         <name>.debug_str</name>
         <load_address>0x1dd0</load_address>
         <run_address>0x1dd0</run_address>
         <size>0xff</size>
         <input_file_ref idref="fl-1"/>
      </object_component>
      <object_component id="oc-16c">
         <name>.debug_str</name>
         <load_address>0x1ecf</load_address>
         <run_address>0x1ecf</run_address>
         <size>0x38c</size>
         <input_file_ref idref="fl-1"/>
      </object_component>
      <object_component id="oc-ea">
         <name>.debug_str</name>
         <load_address>0x225b</load_address>
         <run_address>0x225b</run_address>
         <size>0x18e</size>
         <input_file_ref idref="fl-1"/>
      </object_component>
      <object_component id="oc-41">
         <name>.debug_str</name>
         <load_address>0x23e9</load_address>
         <run_address>0x23e9</run_address>
         <size>0x10b</size>
         <input_file_ref idref="fl-c8"/>
      </object_component>
      <object_component id="oc-83">
         <name>.debug_str</name>
         <load_address>0x24f4</load_address>
         <run_address>0x24f4</run_address>
         <size>0x140</size>
         <input_file_ref idref="fl-c8"/>
      </object_component>
      <object_component id="oc-31">
         <name>.debug_str</name>
         <load_address>0x2634</load_address>
         <run_address>0x2634</run_address>
         <size>0x118</size>
         <input_file_ref idref="fl-c9"/>
      </object_component>
      <object_component id="oc-f6">
         <name>.debug_str</name>
         <load_address>0x274c</load_address>
         <run_address>0x274c</run_address>
         <size>0x16b</size>
         <input_file_ref idref="fl-c9"/>
      </object_component>
      <object_component id="oc-7c">
         <name>.debug_str</name>
         <load_address>0x28b7</load_address>
         <run_address>0x28b7</run_address>
         <size>0x158</size>
         <input_file_ref idref="fl-c9"/>
      </object_component>
      <object_component id="oc-1a5">
         <name>.debug_str</name>
         <load_address>0x2a0f</load_address>
         <run_address>0x2a0f</run_address>
         <size>0xed</size>
         <input_file_ref idref="fl-ce"/>
      </object_component>
      <object_component id="oc-1b9">
         <name>.debug_str</name>
         <load_address>0x2afc</load_address>
         <run_address>0x2afc</run_address>
         <size>0x157</size>
         <input_file_ref idref="fl-ce"/>
      </object_component>
      <object_component id="oc-1aa">
         <name>.debug_str</name>
         <load_address>0x2c53</load_address>
         <run_address>0x2c53</run_address>
         <size>0x150</size>
         <input_file_ref idref="fl-ce"/>
      </object_component>
      <object_component id="oc-1af">
         <name>.debug_str</name>
         <load_address>0x2da3</load_address>
         <run_address>0x2da3</run_address>
         <size>0x197</size>
         <input_file_ref idref="fl-ce"/>
      </object_component>
      <object_component id="oc-6f">
         <name>.debug_aranges</name>
         <load_address>0x0</load_address>
         <run_address>0x0</run_address>
         <size>0xf0</size>
         <input_file_ref idref="fl-1"/>
      </object_component>
      <object_component id="oc-69">
         <name>.debug_aranges</name>
         <load_address>0xf0</load_address>
         <run_address>0xf0</run_address>
         <size>0x28</size>
         <input_file_ref idref="fl-2"/>
      </object_component>
      <object_component id="oc-a7">
         <name>.debug_aranges</name>
         <load_address>0x118</load_address>
         <run_address>0x118</run_address>
         <size>0x28</size>
         <input_file_ref idref="fl-3"/>
      </object_component>
      <object_component id="oc-c2">
         <name>.debug_aranges</name>
         <load_address>0x140</load_address>
         <run_address>0x140</run_address>
         <size>0x20</size>
         <input_file_ref idref="fl-bd"/>
      </object_component>
      <object_component id="oc-14f">
         <name>.debug_aranges</name>
         <load_address>0x160</load_address>
         <run_address>0x160</run_address>
         <size>0x20</size>
         <input_file_ref idref="fl-be"/>
      </object_component>
      <object_component id="oc-bd">
         <name>.debug_aranges</name>
         <load_address>0x180</load_address>
         <run_address>0x180</run_address>
         <size>0x20</size>
         <input_file_ref idref="fl-bf"/>
      </object_component>
      <object_component id="oc-af">
         <name>.debug_aranges</name>
         <load_address>0x1a0</load_address>
         <run_address>0x1a0</run_address>
         <size>0x20</size>
         <input_file_ref idref="fl-c0"/>
      </object_component>
      <object_component id="oc-de">
         <name>.debug_aranges</name>
         <load_address>0x1c0</load_address>
         <run_address>0x1c0</run_address>
         <size>0x20</size>
         <input_file_ref idref="fl-c0"/>
      </object_component>
      <object_component id="oc-d9">
         <name>.debug_aranges</name>
         <load_address>0x1e0</load_address>
         <run_address>0x1e0</run_address>
         <size>0x20</size>
         <input_file_ref idref="fl-c1"/>
      </object_component>
      <object_component id="oc-c7">
         <name>.debug_aranges</name>
         <load_address>0x200</load_address>
         <run_address>0x200</run_address>
         <size>0x20</size>
         <input_file_ref idref="fl-c2"/>
      </object_component>
      <object_component id="oc-cc">
         <name>.debug_aranges</name>
         <load_address>0x220</load_address>
         <run_address>0x220</run_address>
         <size>0x20</size>
         <input_file_ref idref="fl-c3"/>
      </object_component>
      <object_component id="oc-b3">
         <name>.debug_aranges</name>
         <load_address>0x240</load_address>
         <run_address>0x240</run_address>
         <size>0x20</size>
         <input_file_ref idref="fl-c4"/>
      </object_component>
      <object_component id="oc-d1">
         <name>.debug_aranges</name>
         <load_address>0x260</load_address>
         <run_address>0x260</run_address>
         <size>0x20</size>
         <input_file_ref idref="fl-c5"/>
      </object_component>
      <object_component id="oc-b8">
         <name>.debug_aranges</name>
         <load_address>0x280</load_address>
         <run_address>0x280</run_address>
         <size>0x20</size>
         <input_file_ref idref="fl-c6"/>
      </object_component>
      <object_component id="oc-1f">
         <name>.debug_aranges</name>
         <load_address>0x2a0</load_address>
         <run_address>0x2a0</run_address>
         <size>0x20</size>
         <input_file_ref idref="fl-c8"/>
      </object_component>
      <object_component id="oc-19">
         <name>.debug_aranges</name>
         <load_address>0x2c0</load_address>
         <run_address>0x2c0</run_address>
         <size>0x20</size>
         <input_file_ref idref="fl-c9"/>
      </object_component>
      <object_component id="oc-57">
         <name>.debug_aranges</name>
         <load_address>0x2e0</load_address>
         <run_address>0x2e0</run_address>
         <size>0x20</size>
         <input_file_ref idref="fl-ca"/>
      </object_component>
      <object_component id="oc-14a">
         <name>.debug_aranges</name>
         <load_address>0x300</load_address>
         <run_address>0x300</run_address>
         <size>0x20</size>
         <input_file_ref idref="fl-cb"/>
      </object_component>
      <object_component id="oc-39">
         <name>.debug_aranges</name>
         <load_address>0x320</load_address>
         <run_address>0x320</run_address>
         <size>0x20</size>
         <input_file_ref idref="fl-cd"/>
      </object_component>
      <object_component id="oc-110">
         <name>.debug_aranges</name>
         <load_address>0x340</load_address>
         <run_address>0x340</run_address>
         <size>0x20</size>
         <input_file_ref idref="fl-ce"/>
      </object_component>
      <object_component id="oc-95">
         <name>.debug_aranges</name>
         <load_address>0x360</load_address>
         <run_address>0x360</run_address>
         <size>0x20</size>
         <input_file_ref idref="fl-cf"/>
      </object_component>
      <object_component id="oc-104">
         <name>.debug_aranges</name>
         <load_address>0x380</load_address>
         <run_address>0x380</run_address>
         <size>0x20</size>
         <input_file_ref idref="fl-d1"/>
      </object_component>
      <object_component id="oc-e3">
         <name>.debug_pubnames</name>
         <load_address>0x0</load_address>
         <run_address>0x0</run_address>
         <size>0x5a</size>
         <input_file_ref idref="fl-1"/>
      </object_component>
      <object_component id="oc-d6">
         <name>.debug_pubnames</name>
         <load_address>0x5a</load_address>
         <run_address>0x5a</run_address>
         <size>0x21</size>
         <input_file_ref idref="fl-1"/>
      </object_component>
      <object_component id="oc-70">
         <name>.debug_pubnames</name>
         <load_address>0x7b</load_address>
         <run_address>0x7b</run_address>
         <size>0x1f5</size>
         <input_file_ref idref="fl-1"/>
      </object_component>
      <object_component id="oc-28">
         <name>.debug_pubnames</name>
         <load_address>0x270</load_address>
         <run_address>0x270</run_address>
         <size>0x27</size>
         <input_file_ref idref="fl-2"/>
      </object_component>
      <object_component id="oc-6a">
         <name>.debug_pubnames</name>
         <load_address>0x297</load_address>
         <run_address>0x297</run_address>
         <size>0x38</size>
         <input_file_ref idref="fl-2"/>
      </object_component>
      <object_component id="oc-142">
         <name>.debug_pubnames</name>
         <load_address>0x2cf</load_address>
         <run_address>0x2cf</run_address>
         <size>0x26</size>
         <input_file_ref idref="fl-3"/>
      </object_component>
      <object_component id="oc-a8">
         <name>.debug_pubnames</name>
         <load_address>0x2f5</load_address>
         <run_address>0x2f5</run_address>
         <size>0x3b</size>
         <input_file_ref idref="fl-3"/>
      </object_component>
      <object_component id="oc-c3">
         <name>.debug_pubnames</name>
         <load_address>0x330</load_address>
         <run_address>0x330</run_address>
         <size>0x26</size>
         <input_file_ref idref="fl-bd"/>
      </object_component>
      <object_component id="oc-150">
         <name>.debug_pubnames</name>
         <load_address>0x356</load_address>
         <run_address>0x356</run_address>
         <size>0x27</size>
         <input_file_ref idref="fl-be"/>
      </object_component>
      <object_component id="oc-be">
         <name>.debug_pubnames</name>
         <load_address>0x37d</load_address>
         <run_address>0x37d</run_address>
         <size>0x23</size>
         <input_file_ref idref="fl-bf"/>
      </object_component>
      <object_component id="oc-b0">
         <name>.debug_pubnames</name>
         <load_address>0x3a0</load_address>
         <run_address>0x3a0</run_address>
         <size>0x26</size>
         <input_file_ref idref="fl-c0"/>
      </object_component>
      <object_component id="oc-df">
         <name>.debug_pubnames</name>
         <load_address>0x3c6</load_address>
         <run_address>0x3c6</run_address>
         <size>0x27</size>
         <input_file_ref idref="fl-c0"/>
      </object_component>
      <object_component id="oc-da">
         <name>.debug_pubnames</name>
         <load_address>0x3ed</load_address>
         <run_address>0x3ed</run_address>
         <size>0x23</size>
         <input_file_ref idref="fl-c1"/>
      </object_component>
      <object_component id="oc-c8">
         <name>.debug_pubnames</name>
         <load_address>0x410</load_address>
         <run_address>0x410</run_address>
         <size>0x23</size>
         <input_file_ref idref="fl-c2"/>
      </object_component>
      <object_component id="oc-cd">
         <name>.debug_pubnames</name>
         <load_address>0x433</load_address>
         <run_address>0x433</run_address>
         <size>0x23</size>
         <input_file_ref idref="fl-c3"/>
      </object_component>
      <object_component id="oc-b4">
         <name>.debug_pubnames</name>
         <load_address>0x456</load_address>
         <run_address>0x456</run_address>
         <size>0x23</size>
         <input_file_ref idref="fl-c4"/>
      </object_component>
      <object_component id="oc-d2">
         <name>.debug_pubnames</name>
         <load_address>0x479</load_address>
         <run_address>0x479</run_address>
         <size>0x22</size>
         <input_file_ref idref="fl-c5"/>
      </object_component>
      <object_component id="oc-b9">
         <name>.debug_pubnames</name>
         <load_address>0x49b</load_address>
         <run_address>0x49b</run_address>
         <size>0x22</size>
         <input_file_ref idref="fl-c6"/>
      </object_component>
      <object_component id="oc-20">
         <name>.debug_pubnames</name>
         <load_address>0x4bd</load_address>
         <run_address>0x4bd</run_address>
         <size>0x2b</size>
         <input_file_ref idref="fl-c8"/>
      </object_component>
      <object_component id="oc-1a">
         <name>.debug_pubnames</name>
         <load_address>0x4e8</load_address>
         <run_address>0x4e8</run_address>
         <size>0x2b</size>
         <input_file_ref idref="fl-c9"/>
      </object_component>
      <object_component id="oc-2b">
         <name>.debug_pubnames</name>
         <load_address>0x513</load_address>
         <run_address>0x513</run_address>
         <size>0x1e</size>
         <input_file_ref idref="fl-ca"/>
      </object_component>
      <object_component id="oc-58">
         <name>.debug_pubnames</name>
         <load_address>0x531</load_address>
         <run_address>0x531</run_address>
         <size>0x26</size>
         <input_file_ref idref="fl-ca"/>
      </object_component>
      <object_component id="oc-14b">
         <name>.debug_pubnames</name>
         <load_address>0x557</load_address>
         <run_address>0x557</run_address>
         <size>0x27</size>
         <input_file_ref idref="fl-cb"/>
      </object_component>
      <object_component id="oc-3a">
         <name>.debug_pubnames</name>
         <load_address>0x57e</load_address>
         <run_address>0x57e</run_address>
         <size>0x1d</size>
         <input_file_ref idref="fl-cd"/>
      </object_component>
      <object_component id="oc-111">
         <name>.debug_pubnames</name>
         <load_address>0x59b</load_address>
         <run_address>0x59b</run_address>
         <size>0x35</size>
         <input_file_ref idref="fl-ce"/>
      </object_component>
      <object_component id="oc-96">
         <name>.debug_pubnames</name>
         <load_address>0x5d0</load_address>
         <run_address>0x5d0</run_address>
         <size>0x27</size>
         <input_file_ref idref="fl-cf"/>
      </object_component>
      <object_component id="oc-105">
         <name>.debug_pubnames</name>
         <load_address>0x5f7</load_address>
         <run_address>0x5f7</run_address>
         <size>0x1c</size>
         <input_file_ref idref="fl-d1"/>
      </object_component>
      <object_component id="oc-15f">
         <name>.debug_pubtypes</name>
         <load_address>0x0</load_address>
         <run_address>0x0</run_address>
         <size>0x2ce</size>
         <input_file_ref idref="fl-1"/>
      </object_component>
      <object_component id="oc-164">
         <name>.debug_pubtypes</name>
         <load_address>0x2ce</load_address>
         <run_address>0x2ce</run_address>
         <size>0xdd</size>
         <input_file_ref idref="fl-1"/>
      </object_component>
      <object_component id="oc-ee">
         <name>.debug_pubtypes</name>
         <load_address>0x3ab</load_address>
         <run_address>0x3ab</run_address>
         <size>0x25c</size>
         <input_file_ref idref="fl-1"/>
      </object_component>
      <object_component id="oc-33">
         <name>.debug_pubtypes</name>
         <load_address>0x607</load_address>
         <run_address>0x607</run_address>
         <size>0xed</size>
         <input_file_ref idref="fl-1"/>
      </object_component>
      <object_component id="oc-169">
         <name>.debug_pubtypes</name>
         <load_address>0x6f4</load_address>
         <run_address>0x6f4</run_address>
         <size>0x330</size>
         <input_file_ref idref="fl-1"/>
      </object_component>
      <object_component id="oc-e7">
         <name>.debug_pubtypes</name>
         <load_address>0xa24</load_address>
         <run_address>0xa24</run_address>
         <size>0xaa</size>
         <input_file_ref idref="fl-1"/>
      </object_component>
      <object_component id="oc-3e">
         <name>.debug_pubtypes</name>
         <load_address>0xace</load_address>
         <run_address>0xace</run_address>
         <size>0x48</size>
         <input_file_ref idref="fl-c8"/>
      </object_component>
      <object_component id="oc-80">
         <name>.debug_pubtypes</name>
         <load_address>0xb16</load_address>
         <run_address>0xb16</run_address>
         <size>0x1d</size>
         <input_file_ref idref="fl-c8"/>
      </object_component>
      <object_component id="oc-2e">
         <name>.debug_pubtypes</name>
         <load_address>0xb33</load_address>
         <run_address>0xb33</run_address>
         <size>0x5d</size>
         <input_file_ref idref="fl-c9"/>
      </object_component>
      <object_component id="oc-f3">
         <name>.debug_pubtypes</name>
         <load_address>0xb90</load_address>
         <run_address>0xb90</run_address>
         <size>0x48</size>
         <input_file_ref idref="fl-c9"/>
      </object_component>
      <object_component id="oc-79">
         <name>.debug_pubtypes</name>
         <load_address>0xbd8</load_address>
         <run_address>0xbd8</run_address>
         <size>0x35</size>
         <input_file_ref idref="fl-c9"/>
      </object_component>
      <object_component id="oc-1a2">
         <name>.debug_pubtypes</name>
         <load_address>0xc0d</load_address>
         <run_address>0xc0d</run_address>
         <size>0x32</size>
         <input_file_ref idref="fl-ce"/>
      </object_component>
      <object_component id="oc-1b6">
         <name>.debug_pubtypes</name>
         <load_address>0xc3f</load_address>
         <run_address>0xc3f</run_address>
         <size>0x30</size>
         <input_file_ref idref="fl-ce"/>
      </object_component>
      <object_component id="oc-1a7">
         <name>.debug_pubtypes</name>
         <load_address>0xc6f</load_address>
         <run_address>0xc6f</run_address>
         <size>0x2c</size>
         <input_file_ref idref="fl-ce"/>
      </object_component>
      <object_component id="oc-1ac">
         <name>.debug_pubtypes</name>
         <load_address>0xc9b</load_address>
         <run_address>0xc9b</run_address>
         <size>0x50</size>
         <input_file_ref idref="fl-ce"/>
      </object_component>
   </object_component_list>
   <logical_group_list>
      <logical_group id="lg-3" display="no" color="cyan">
         <name>.intvecs</name>
         <load_address>0x0</load_address>
         <run_address>0x0</run_address>
         <size>0xe4</size>
         <contents>
            <object_component_ref idref="oc-26"/>
         </contents>
      </logical_group>
      <logical_group id="lg-4" display="no" color="cyan">
         <name>.text</name>
         <load_address>0xe4</load_address>
         <run_address>0xe4</run_address>
         <size>0x198c</size>
         <contents>
            <object_component_ref idref="oc-6d"/>
            <object_component_ref idref="oc-a5"/>
            <object_component_ref idref="oc-bb"/>
            <object_component_ref idref="oc-d7"/>
            <object_component_ref idref="oc-c5"/>
            <object_component_ref idref="oc-37"/>
            <object_component_ref idref="oc-14d"/>
            <object_component_ref idref="oc-ac"/>
            <object_component_ref idref="oc-dc"/>
            <object_component_ref idref="oc-b1"/>
            <object_component_ref idref="oc-c0"/>
            <object_component_ref idref="oc-17"/>
            <object_component_ref idref="oc-ca"/>
            <object_component_ref idref="oc-10e"/>
            <object_component_ref idref="oc-b6"/>
            <object_component_ref idref="oc-55"/>
            <object_component_ref idref="oc-cf"/>
            <object_component_ref idref="oc-1d"/>
            <object_component_ref idref="oc-67"/>
            <object_component_ref idref="oc-93"/>
            <object_component_ref idref="oc-102"/>
            <object_component_ref idref="oc-148"/>
         </contents>
      </logical_group>
      <logical_group id="lg-5" display="no" color="cyan">
         <name>.const</name>
         <load_address>0x1a70</load_address>
         <run_address>0x1a70</run_address>
         <size>0x192</size>
         <contents>
            <object_component_ref idref="oc-d4"/>
         </contents>
      </logical_group>
      <logical_group id="lg-6" display="no" color="cyan">
         <name>.cinit</name>
         <load_address>0x1c08</load_address>
         <run_address>0x1c08</run_address>
         <size>0x24</size>
         <contents>
            <object_component_ref idref="oc-1f2"/>
            <object_component_ref idref="oc-1f0"/>
            <object_component_ref idref="oc-1f1"/>
         </contents>
      </logical_group>
      <logical_group id="lg-7" display="no" color="cyan">
         <name>.pinit</name>
         <run_address>0x0</run_address>
         <size>0x0</size>
         <contents>
         </contents>
      </logical_group>
      <logical_group id="lg-8" display="no" color="cyan">
         <name>.init_array</name>
         <run_address>0x0</run_address>
         <size>0x0</size>
         <contents>
         </contents>
      </logical_group>
      <logical_group id="lg-9" display="no" color="cyan">
         <name>.binit</name>
         <load_address>0x0</load_address>
         <run_address>0x0</run_address>
         <size>0x0</size>
         <contents>
            <object_component_ref idref="oc-1c4"/>
         </contents>
      </logical_group>
      <logical_group id="lg-a" display="no" color="cyan">
         <name>.flashMailbox</name>
         <run_address>0x0</run_address>
         <size>0x0</size>
         <contents>
         </contents>
      </logical_group>
      <logical_group id="lg-b" display="no" color="cyan">
         <name>.tlvTable</name>
         <run_address>0x0</run_address>
         <size>0x0</size>
         <contents>
         </contents>
      </logical_group>
      <logical_group id="lg-c" display="no" color="cyan">
         <name>.bslArea</name>
         <run_address>0x0</run_address>
         <size>0x0</size>
         <contents>
         </contents>
      </logical_group>
      <logical_group id="lg-d" display="no" color="cyan">
         <name>.vtable</name>
         <run_address>0x0</run_address>
         <size>0x0</size>
         <contents>
         </contents>
      </logical_group>
      <logical_group id="lg-e" display="no" color="cyan">
         <name>.data</name>
         <run_address>0x20000000</run_address>
         <size>0x28</size>
         <contents>
            <object_component_ref idref="oc-e1"/>
            <object_component_ref idref="oc-140"/>
         </contents>
      </logical_group>
      <logical_group id="lg-f" display="no" color="cyan">
         <name>.bss</name>
         <run_address>0x0</run_address>
         <size>0x0</size>
         <contents>
         </contents>
      </logical_group>
      <logical_group id="lg-10" display="no" color="cyan">
         <name>.sysmem</name>
         <run_address>0x0</run_address>
         <size>0x0</size>
         <contents>
         </contents>
      </logical_group>
      <logical_group id="lg-11" display="no" color="cyan">
         <name>.stack</name>
         <run_address>0x2000fe00</run_address>
         <size>0x200</size>
         <contents>
            <object_component_ref idref="oc-29"/>
            <object_component_ref idref="oc-1f4"/>
         </contents>
      </logical_group>
      <logical_group id="lg-12" display="no" color="cyan">
         <name>.TI.ramfunc</name>
         <run_address>0x0</run_address>
         <size>0x0</size>
         <contents>
         </contents>
      </logical_group>
      <logical_group id="lg-1c1" display="no" color="cyan">
         <name>.TI.noinit</name>
         <run_address>0x0</run_address>
         <size>0x0</size>
         <contents>
         </contents>
      </logical_group>
      <logical_group id="lg-1c2" display="no" color="cyan">
         <name>.TI.persistent</name>
         <run_address>0x0</run_address>
         <size>0x0</size>
         <contents>
         </contents>
      </logical_group>
      <logical_group id="lg-1c3" display="no" color="cyan">
         <name>__llvm_prf_cnts</name>
         <run_address>0x20000000</run_address>
         <size>0x0</size>
         <contents>
         </contents>
      </logical_group>
      <logical_group id="lg-1d8" display="never" color="cyan">
         <name>.debug_info</name>
         <load_address>0x0</load_address>
         <run_address>0x0</run_address>
         <size>0xa288</size>
         <contents>
            <object_component_ref idref="oc-e5"/>
            <object_component_ref idref="oc-e2"/>
            <object_component_ref idref="oc-d5"/>
            <object_component_ref idref="oc-6e"/>
[...]
         <usage_details>
            <allocated_space>
               <start_address>0x20000000</start_address>
               <size>0x0</size>
               <logical_group_ref idref="lg-1c3"/>
            </allocated_space>
            <allocated_space>
               <start_address>0x20000000</start_address>
               <size>0x28</size>
               <logical_group_ref idref="lg-e"/>
            </allocated_space>
            <available_space>
               <start_address>0x20000028</start_address>
               <size>0xfdd8</size>
            </available_space>
            <allocated_space>
               <start_address>0x2000fe00</start_address>
               <size>0x200</size>
               <logical_group_ref idref="lg-11"/>
            </allocated_space>
         </usage_details>
      </memory_area>
   </placement_map>
   <cptbl_list>
      <cptbl>
         <name>__TI_cinit_table</name>
         <cprec>
            <name>.data</name>
            <load_address>0x1c08</load_address>
            <load_size>0x13</load_size>
            <run_address>0x20000000</run_address>
            <run_size>0x28</run_size>
            <compression>lzss</compression>
         </cprec>
      </cptbl>
   </cptbl_list>
   <handler_table>
      <handler_table_name>__TI_handler_table</handler_table_name>
      <handler>
         <index>0x0</index>
         <name>__TI_decompress_lzss</name>
      </handler>
      <handler>
         <index>0x1</index>
         <name>__TI_decompress_none</name>
      </handler>
   </handler_table>
   <symbol_table>
      <symbol id="sm-1">
         <name>WDTCTL_SYM</name>
         <value>0x4000480c</value>
      </symbol>
      <symbol id="sm-2">
         <name>__start___llvm_prf_cnts</name>
         <value>0x20000000</value>
      </symbol>
      <symbol id="sm-3">
         <name>__stop___llvm_prf_cnts</name>
         <value>0x20000000</value>
      </symbol>
      <symbol id="sm-4">
         <name>__TI_CINIT_Base</name>
         <value>0x1c24</value>
      </symbol>
      <symbol id="sm-5">
         <name>__TI_CINIT_Limit</name>
         <value>0x1c2c</value>
      </symbol>
      <symbol id="sm-6">
         <name>__TI_Handler_Table_Base</name>
         <value>0x1c1c</value>
      </symbol>
      <symbol id="sm-7">
         <name>__TI_Handler_Table_Limit</name>
         <value>0x1c24</value>
      </symbol>
      <symbol id="sm-8">
         <name>binit</name>
         <value>0xffffffff</value>
      </symbol>
      <symbol id="sm-9">
         <name>__binit__</name>
         <value>0xffffffff</value>
      </symbol>
      <symbol id="sm-a">
         <name>__STACK_SIZE</name>
         <value>0x200</value>
      </symbol>
      <symbol id="sm-b">
         <name>__STACK_END</name>
         <value>0x20010000</value>
      </symbol>
      <symbol id="sm-c">
         <name>__c_args__</name>
         <value>0xffffffff</value>
      </symbol>
      <symbol id="sm-d">
         <name>__TI_pprof_out_hndl</name>
         <value>0xffffffff</value>
      </symbol>
      <symbol id="sm-e">
         <name>__TI_prof_data_start</name>
         <value>0xffffffff</value>
      </symbol>
      <symbol id="sm-f">
         <name>__TI_prof_data_size</name>
         <value>0xffffffff</value>
      </symbol>
      <symbol id="sm-127">
         <name>lhs</name>
         <value>0x20000000</value>
         <object_component_ref idref="oc-e1"/>
      </symbol>
      <symbol id="sm-128">
         <name>ind_formula</name>
         <value>0x2000001c</value>
         <object_component_ref idref="oc-e1"/>
      </symbol>
      <symbol id="sm-129">
         <name>GLCD_setCursor</name>
         <value>0x321</value>
         <object_component_ref idref="oc-6d"/>
      </symbol>
      <symbol id="sm-12a">
         <name>GLCD_data_write</name>
         <value>0x103</value>
         <object_component_ref idref="oc-6d"/>
      </symbol>
      <symbol id="sm-12b">
         <name>test_alphabet</name>
         <value>0xca1</value>
         <object_component_ref idref="oc-6d"/>
      </symbol>
      <symbol id="sm-12c">
         <name>test_negative_ints</name>
         <value>0x353</value>
         <object_component_ref idref="oc-6d"/>
      </symbol>
      <symbol id="sm-12d">
         <name>error_blink</name>
         <value>0x507</value>
         <object_component_ref idref="oc-6d"/>
      </symbol>
      <symbol id="sm-12e">
         <name>SPI_init</name>
         <value>0xccd</value>
         <object_component_ref idref="oc-6d"/>
      </symbol>
      <symbol id="sm-12f">
         <name>GLCD_putnum</name>
         <value>0x143</value>
         <object_component_ref idref="oc-6d"/>
      </symbol>
      <symbol id="sm-130">
         <name>test_negative_floats</name>
         <value>0x455</value>
         <object_component_ref idref="oc-6d"/>
      </symbol>
      <symbol id="sm-131">
         <name>GLCD_putstr</name>
         <value>0x12d</value>
         <object_component_ref idref="oc-6d"/>
      </symbol>
      <symbol id="sm-132">
         <name>PORT1_IRQHandler</name>
         <value>0xf45</value>
         <object_component_ref idref="oc-6d"/>
      </symbol>
      <symbol id="sm-133">
         <name>test_positive_floats</name>
         <value>0x3b9</value>
         <object_component_ref idref="oc-6d"/>
      </symbol>
      <symbol id="sm-134">
         <name>SPI_write</name>
         <value>0xe5</value>
         <object_component_ref idref="oc-6d"/>
      </symbol>
      <symbol id="sm-135">
         <name>GLCD_putchar</name>
         <value>0x111</value>
         <object_component_ref idref="oc-6d"/>
      </symbol>
      <symbol id="sm-136">
         <name>i</name>
         <value>0x20000018</value>
         <object_component_ref idref="oc-e1"/>
      </symbol>
      <symbol id="sm-137">
         <name>assert</name>
         <value>0x575</value>
         <object_component_ref idref="oc-6d"/>
      </symbol>
      <symbol id="sm-138">
         <name>rhs</name>
         <value>0x20000008</value>
         <object_component_ref idref="oc-e1"/>
      </symbol>
      <symbol id="sm-139">
         <name>font_table</name>
         <value>0x1a70</value>
         <object_component_ref idref="oc-d4"/>
      </symbol>
      <symbol id="sm-13a">
         <name>test_putnum</name>
         <value>0x4e3</value>
         <object_component_ref idref="oc-6d"/>
      </symbol>
      <symbol id="sm-13b">
         <name>test_positive_ints</name>
         <value>0x273</value>
         <object_component_ref idref="oc-6d"/>
      </symbol>
      <symbol id="sm-13c">
         <name>GLCD_clear</name>
         <value>0x339</value>
         <object_component_ref idref="oc-6d"/>
      </symbol>
      <symbol id="sm-13d">
         <name>main</name>
         <value>0xd95</value>
         <object_component_ref idref="oc-6d"/>
      </symbol>
      <symbol id="sm-13e">
         <name>GLCD_init</name>
         <value>0xd35</value>
         <object_component_ref idref="oc-6d"/>
      </symbol>
      <symbol id="sm-13f">
         <name>GLCD_put_smiley_face</name>
         <value>0xf7d</value>
         <object_component_ref idref="oc-6d"/>
      </symbol>
      <symbol id="sm-140">
         <name>alarm</name>
         <value>0x20000020</value>
         <object_component_ref idref="oc-e1"/>
      </symbol>
      <symbol id="sm-141">
         <name>blink</name>
         <value>0x599</value>
         <object_component_ref idref="oc-6d"/>
      </symbol>
      <symbol id="sm-142">
         <name>GLCD_command_write</name>
         <value>0x313</value>
         <object_component_ref idref="oc-6d"/>
      </symbol>
      <symbol id="sm-143">
         <name>display_current_state</name>
         <value>0xef1</value>
         <object_component_ref idref="oc-6d"/>
      </symbol>
      <symbol id="sm-144">
         <name>math_op</name>
         <value>0x619</value>
         <object_component_ref idref="oc-6d"/>
      </symbol>
      <symbol id="sm-145">
         <name>focus</name>
         <value>0x20000014</value>
         <object_component_ref idref="oc-e1"/>
      </symbol>
      <symbol id="sm-146">
         <name>keypad_decode</name>
         <value>0xe71</value>
         <object_component_ref idref="oc-6d"/>
      </symbol>
      <symbol id="sm-147">
         <name>PORT3_IRQHandler</name>
         <value>0xf1f</value>
         <object_component_ref idref="oc-6d"/>
      </symbol>
      <symbol id="sm-148">
         <name>operation</name>
         <value>0x20000010</value>
         <object_component_ref idref="oc-e1"/>
      </symbol>
      <symbol id="sm-149">
         <name>test_math_op</name>
         <value>0x761</value>
         <object_component_ref idref="oc-6d"/>
      </symbol>
      <symbol id="sm-15e">
         <name>Reset_Handler</name>
         <value>0x1a59</value>
         <object_component_ref idref="oc-67"/>
      </symbol>
      <symbol id="sm-15f">
         <name>Default_Handler</name>
         <value>0x1a65</value>
         <object_component_ref idref="oc-67"/>
      </symbol>
      <symbol id="sm-160">
         <name>interruptVectors</name>
         <value>0x0</value>
         <object_component_ref idref="oc-26"/>
      </symbol>
      <symbol id="sm-18e">
         <name>SystemInit</name>
         <value>0xfd1</value>
         <object_component_ref idref="oc-a5"/>
      </symbol>
      <symbol id="sm-18f">
         <name>SystemCoreClockUpdate</name>
         <value>0x1027</value>
         <object_component_ref idref="oc-a5"/>
      </symbol>
      <symbol id="sm-190">
         <name>SystemCoreClock</name>
         <value>0x20000024</value>
         <object_component_ref idref="oc-140"/>
      </symbol>
      <symbol id="sm-19e">
         <name>__aeabi_ldivmod</name>
         <value>0x1847</value>
         <object_component_ref idref="oc-c0"/>
      </symbol>
      <symbol id="sm-1ab">
         <name>__aeabi_uldivmod</name>
         <value>0x1635</value>
         <object_component_ref idref="oc-14d"/>
      </symbol>
      <symbol id="sm-1c2">
         <name>__aeabi_dsub</name>
         <value>0x11b1</value>
         <object_component_ref idref="oc-bb"/>
      </symbol>
      <symbol id="sm-1c3">
         <name>__aeabi_dadd</name>
         <value>0x11bb</value>
         <object_component_ref idref="oc-bb"/>
      </symbol>
      <symbol id="sm-1e5">
         <name>__aeabi_cdcmpeq</name>
         <value>0x16cb</value>
         <object_component_ref idref="oc-ac"/>
      </symbol>
      <symbol id="sm-1e6">
         <name>__aeabi_cdcmple</name>
         <value>0x16cb</value>
         <object_component_ref idref="oc-ac"/>
      </symbol>
      <symbol id="sm-1e7">
         <name>__aeabi_cdrcmple</name>
         <value>0x1751</value>
         <object_component_ref idref="oc-dc"/>
      </symbol>
      <symbol id="sm-1fb">
         <name>__aeabi_ddiv</name>
         <value>0x1367</value>
         <object_component_ref idref="oc-d7"/>
      </symbol>
      <symbol id="sm-206">
         <name>__aeabi_dmul</name>
         <value>0x149d</value>
         <object_component_ref idref="oc-c5"/>
      </symbol>
      <symbol id="sm-210">
         <name>__aeabi_d2iz</name>
         <value>0x191d</value>
         <object_component_ref idref="oc-ca"/>
      </symbol>
      <symbol id="sm-21b">
         <name>__aeabi_d2lz</name>
         <value>0x17d7</value>
         <object_component_ref idref="oc-b1"/>
      </symbol>
      <symbol id="sm-225">
         <name>__aeabi_i2d</name>
         <value>0x1a1d</value>
         <object_component_ref idref="oc-cf"/>
      </symbol>
      <symbol id="sm-22f">
         <name>__aeabi_l2d</name>
         <value>0x19a9</value>
         <object_component_ref idref="oc-b6"/>
      </symbol>
      <symbol id="sm-247">
         <name>__TI_decompress_none</name>
         <value>0x1a4b</value>
         <object_component_ref idref="oc-1d"/>
      </symbol>
      <symbol id="sm-26a">
         <name>__TI_decompress_lzss</name>
         <value>0x18b5</value>
         <object_component_ref idref="oc-17"/>
      </symbol>
      <symbol id="sm-27d">
         <name>__stack</name>
         <value>0x2000fe00</value>
         <object_component_ref idref="oc-29"/>
      </symbol>
      <symbol id="sm-27e">
         <name>_c_int00_noargs</name>
         <value>0x19e9</value>
         <object_component_ref idref="oc-55"/>
      </symbol>
      <symbol id="sm-288">
         <name>__aeabi_idiv0</name>
         <value>0x1a6f</value>
         <object_component_ref idref="oc-148"/>
      </symbol>
      <symbol id="sm-289">
         <name>__aeabi_ldiv0</name>
         <value>0x1a6f</value>
         <object_component_ref idref="oc-148"/>
      </symbol>
      <symbol id="sm-2a5">
         <name>memcpy</name>
         <value>0x1599</value>
         <object_component_ref idref="oc-37"/>
      </symbol>
      <symbol id="sm-2a6">
         <name>__aeabi_memcpy</name>
         <value>0x1599</value>
         <object_component_ref idref="oc-37"/>
      </symbol>
      <symbol id="sm-2a7">
         <name>__aeabi_memcpy8</name>
         <value>0x1599</value>
         <object_component_ref idref="oc-37"/>
      </symbol>
      <symbol id="sm-2a8">
         <name>__aeabi_memcpy4</name>
         <value>0x1599</value>
         <object_component_ref idref="oc-37"/>
      </symbol>
      <symbol id="sm-2d0">
         <name>__TI_auto_init_nobinit_nopinit</name>
         <value>0x1965</value>
         <object_component_ref idref="oc-10e"/>
      </symbol>
      <symbol id="sm-2da">
         <name>_system_pre_init</name>
         <value>0x1a67</value>
         <object_component_ref idref="oc-93"/>
      </symbol>
      <symbol id="sm-2e6">
         <name>C$$EXIT</name>
         <value>0x1a6b</value>
         <object_component_ref idref="oc-102"/>
      </symbol>
      <symbol id="sm-2e7">
         <name>abort</name>
         <value>0x1a6b</value>
         <object_component_ref idref="oc-102"/>
      </symbol>
      <symbol id="sm-2ea">
         <name>__TI_static_base__</name>
         <value>0x0</value>
      </symbol>
      <symbol id="sm-2ed">
         <name>__mpu_init</name>
         <value>0x0</value>
      </symbol>
      <symbol id="sm-2ee">
         <name>_system_post_cinit</name>
         <value>0x0</value>
      </symbol>
      <symbol id="sm-2ef">
         <name>NMI_Handler</name>
         <value>0x1a65</value>
      </symbol>
      <symbol id="sm-2f0">
         <name>HardFault_Handler</name>
         <value>0x1a65</value>
      </symbol>
      <symbol id="sm-2f1">
         <name>MemManage_Handler</name>
         <value>0x1a65</value>
      </symbol>
      <symbol id="sm-2f2">
         <name>BusFault_Handler</name>
         <value>0x1a65</value>
      </symbol>
      <symbol id="sm-2f3">
         <name>UsageFault_Handler</name>
         <value>0x1a65</value>
      </symbol>
      <symbol id="sm-2f4">
         <name>SVC_Handler</name>
         <value>0x1a65</value>
      </symbol>
      <symbol id="sm-2f5">
         <name>DebugMon_Handler</name>
         <value>0x1a65</value>
      </symbol>
      <symbol id="sm-2f6">
         <name>PendSV_Handler</name>
         <value>0x1a65</value>
      </symbol>
      <symbol id="sm-2f7">
         <name>SysTick_Handler</name>
         <value>0x1a65</value>
      </symbol>
      <symbol id="sm-2f8">
         <name>PSS_IRQHandler</name>
         <value>0x1a65</value>
      </symbol>
      <symbol id="sm-2f9">
         <name>CS_IRQHandler</name>
         <value>0x1a65</value>
      </symbol>
      <symbol id="sm-2fa">
         <name>PCM_IRQHandler</name>
         <value>0x1a65</value>
      </symbol>
      <symbol id="sm-2fb">
         <name>WDT_A_IRQHandler</name>
         <value>0x1a65</value>
      </symbol>
      <symbol id="sm-2fc">
         <name>FPU_IRQHandler</name>
         <value>0x1a65</value>
      </symbol>
      <symbol id="sm-2fd">
         <name>FLCTL_IRQHandler</name>
         <value>0x1a65</value>
      </symbol>
      <symbol id="sm-2fe">
         <name>COMP_E0_IRQHandler</name>
         <value>0x1a65</value>
      </symbol>
      <symbol id="sm-2ff">
         <name>COMP_E1_IRQHandler</name>
         <value>0x1a65</value>
      </symbol>
      <symbol id="sm-300">
         <name>TA0_0_IRQHandler</name>
         <value>0x1a65</value>
      </symbol>
      <symbol id="sm-301">
         <name>TA0_N_IRQHandler</name>
         <value>0x1a65</value>
      </symbol>
      <symbol id="sm-302">
         <name>TA1_0_IRQHandler</name>
         <value>0x1a65</value>
      </symbol>
      <symbol id="sm-303">
         <name>TA1_N_IRQHandler</name>
         <value>0x1a65</value>
      </symbol>
      <symbol id="sm-304">
         <name>TA2_0_IRQHandler</name>
         <value>0x1a65</value>
      </symbol>
      <symbol id="sm-305">
         <name>TA2_N_IRQHandler</name>
         <value>0x1a65</value>
      </symbol>
      <symbol id="sm-306">
         <name>TA3_0_IRQHandler</name>
         <value>0x1a65</value>
      </symbol>
      <symbol id="sm-307">
         <name>TA3_N_IRQHandler</name>
         <value>0x1a65</value>
      </symbol>
      <symbol id="sm-308">
         <name>EUSCIA0_IRQHandler</name>
         <value>0x1a65</value>
      </symbol>
      <symbol id="sm-309">
         <name>EUSCIA1_IRQHandler</name>
         <value>0x1a65</value>
      </symbol>
      <symbol id="sm-30a">
         <name>EUSCIA2_IRQHandler</name>
         <value>0x1a65</value>
      </symbol>
      <symbol id="sm-30b">
         <name>EUSCIA3_IRQHandler</name>
         <value>0x1a65</value>
      </symbol>
      <symbol id="sm-30c">
         <name>EUSCIB0_IRQHandler</name>
         <value>0x1a65</value>
      </symbol>
      <symbol id="sm-30d">
         <name>EUSCIB1_IRQHandler</name>
         <value>0x1a65</value>
      </symbol>
      <symbol id="sm-30e">
         <name>EUSCIB2_IRQHandler</name>
         <value>0x1a65</value>
      </symbol>
      <symbol id="sm-30f">
         <name>EUSCIB3_IRQHandler</name>
         <value>0x1a65</value>
      </symbol>
      <symbol id="sm-310">
         <name>ADC14_IRQHandler</name>
         <value>0x1a65</value>
      </symbol>
      <symbol id="sm-311">
         <name>T32_INT1_IRQHandler</name>
         <value>0x1a65</value>
      </symbol>
      <symbol id="sm-312">
         <name>T32_INT2_IRQHandler</name>
         <value>0x1a65</value>
      </symbol>
      <symbol id="sm-313">
         <name>T32_INTC_IRQHandler</name>
         <value>0x1a65</value>
      </symbol>
      <symbol id="sm-314">
         <name>AES256_IRQHandler</name>
         <value>0x1a65</value>
      </symbol>
      <symbol id="sm-315">
         <name>RTC_C_IRQHandler</name>
         <value>0x1a65</value>
      </symbol>
      <symbol id="sm-316">
         <name>DMA_ERR_IRQHandler</name>
         <value>0x1a65</value>
      </symbol>
      <symbol id="sm-317">
         <name>DMA_INT3_IRQHandler</name>
         <value>0x1a65</value>
      </symbol>
      <symbol id="sm-318">
         <name>DMA_INT2_IRQHandler</name>
         <value>0x1a65</value>
      </symbol>
      <symbol id="sm-319">
         <name>DMA_INT1_IRQHandler</name>
         <value>0x1a65</value>
      </symbol>
      <symbol id="sm-31a">
         <name>DMA_INT0_IRQHandler</name>
         <value>0x1a65</value>
      </symbol>
      <symbol id="sm-31b">
         <name>PORT1_IRQHandler</name>
         <value>0xf45</value>
      </symbol>
      <symbol id="sm-31c">
         <name>PORT2_IRQHandler</name>
         <value>0x1a65</value>
      </symbol>
      <symbol id="sm-31d">
         <name>PORT3_IRQHandler</name>
         <value>0xf1f</value>
      </symbol>
      <symbol id="sm-31e">
         <name>PORT4_IRQHandler</name>
         <value>0x1a65</value>
      </symbol>
      <symbol id="sm-31f">
         <name>PORT5_IRQHandler</name>
         <value>0x1a65</value>
      </symbol>
      <symbol id="sm-320">
         <name>PORT6_IRQHandler</name>
         <value>0x1a65</value>
      </symbol>
   </symbol_table>
   <title>Link successful</title>
</link_info>
