******************************************************************************
                  TI ARM Linker Unix v20.2.4                   
******************************************************************************
>> Linked Wed Jul 14 11:54:25 2021

OUTPUT FILE NAME:   <Final Project - Calculator.out>
ENTRY POINT SYMBOL: "_c_int00_noargs"  address: 000019d9


MEMORY CONFIGURATION

         name            origin    length      used     unused   attr    fill
----------------------  --------  ---------  --------  --------  ----  --------
  MAIN                  00000000   00040000  00001c12  0003e3ee  R  X
  INFO                  00200000   00004000  00000000  00004000  R  X
  SRAM_CODE             01000000   00010000  0000021c  0000fde4  RW X
  SRAM_DATA             20000000   00010000  0000021c  0000fde4  RW  


SEGMENT ALLOCATION MAP

run origin  load origin   length   init length attrs members
----------  ----------- ---------- ----------- ----- -------
00000000    00000000    00001c18   00001c18    r-x
  00000000    00000000    000000e4   000000e4    r-- .intvecs
  000000e4    000000e4    0000197c   0000197c    r-x .text
  00001a60    00001a60    00000192   00000192    r-- .const
  00001bf8    00001bf8    00000020   00000020    r-- .cinit
20000000    20000000    0000001c   00000000    rw-
  20000000    20000000    0000001c   00000000    rw- .data
2000fe00    2000fe00    00000200   00000000    rw-
  2000fe00    2000fe00    00000200   00000000    rw- .stack


SECTION ALLOCATION MAP

 output                                  attributes/
section   page    origin      length       input sections
--------  ----  ----------  ----------   ----------------
.intvecs   0    00000000    000000e4     
                  00000000    000000e4     startup_msp432p401r_ccs.obj (.intvecs:retain)

.text      0    000000e4    0000197c     
                  000000e4    00000edc     main.obj (.text)
                  00000fc0    000001e0     system_msp432p401r.obj (.text)
                  000011a0    000001b6     rtsv7M4_T_le_v4SPD16_eabi.lib : fd_add_t2.asm.obj (.text)
                  00001356    00000136                                   : fd_div_t2.asm.obj (.text)
                  0000148c    000000fc                                   : fd_mul_t2.asm.obj (.text)
                  00001588    0000009c                                   : memcpy_t2.asm.obj (.text)
                  00001624    00000096                                   : ull_div_t2.asm.obj (.text)
                  000016ba    00000086                                   : fd_cmp_t2.asm.obj (.text:__aeabi_cdcmple)
                  00001740    00000086                                   : fd_cmp_t2.asm.obj (.text:__aeabi_cdrcmple)
                  000017c6    00000070                                   : fd_toll_t2.asm.obj (.text)
                  00001836    0000006e                                   : ll_div_t2.asm.obj (.text)
                  000018a4    00000068                                   : copy_decompress_lzss.c.obj (.text:decompress:lzss:__TI_decompress_lzss)
                  0000190c    00000048                                   : fd_toi_t2.asm.obj (.text)
                  00001954    00000044                                   : autoinit.c.obj (.text:__TI_auto_init_nobinit_nopinit:__TI_auto_init_nobinit_nopinit)
                  00001998    00000040                                   : ll_tofd_t2.asm.obj (.text)
                  000019d8    00000034                                   : boot_cortex_m.c.obj (.text:_c_int00_noargs:_c_int00_noargs)
                  00001a0c    0000002e                                   : i_tofd_t2.asm.obj (.text)
                  00001a3a    0000000e                                   : copy_decompress_none.c.obj (.text:decompress:none:__TI_decompress_none)
                  00001a48    0000000e     startup_msp432p401r_ccs.obj (.text)
                  00001a56    00000004     rtsv7M4_T_le_v4SPD16_eabi.lib : pre_init.c.obj (.text:_system_pre_init)
                  00001a5a    00000004                                   : exit.c.obj (.text:abort:abort)
                  00001a5e    00000002                                   : div0.asm.obj (.text)

.const     0    00001a60    00000192     
                  00001a60    00000192     main.obj (.const:font_table)

.cinit     0    00001bf8    00000020     
                  00001bf8    00000010     (.cinit..data.load) [load image, compression = lzss]
                  00001c08    00000008     (__TI_handler_table)
                  00001c10    00000008     (__TI_cinit_table)

.init_array 
*          0    00000000    00000000     UNINITIALIZED

.binit     0    00000000    00000000     

.data      0    20000000    0000001c     UNINITIALIZED
                  20000000    00000018     main.obj (.data)
                  20000018    00000004     system_msp432p401r.obj (.data)

.stack     0    2000fe00    00000200     UNINITIALIZED
                  2000fe00    00000004     rtsv7M4_T_le_v4SPD16_eabi.lib : boot_cortex_m.c.obj (.stack)
                  2000fe04    000001fc     --HOLE--

__llvm_prf_cnts 
*          0    20000000    00000000     UNINITIALIZED

MODULE SUMMARY

       Module                        code   ro data   rw data
       ------                        ----   -------   -------
    ./
       main.obj                      3804   402       48     
       system_msp432p401r.obj        480    0         8      
       startup_msp432p401r_ccs.obj   14     228       0      
    +--+-----------------------------+------+---------+---------+
       Total:                        4298   630       56     
                                                             
    /Applications/ti/ccs1031/ccs/tools/compiler/ti-cgt-arm_20.2.4.LTS/lib/rtsv7M4_T_le_v4SPD16_eabi.lib
       fd_add_t2.asm.obj             438    0         0      
       fd_div_t2.asm.obj             310    0         0      
       fd_cmp_t2.asm.obj             268    0         0      
       fd_mul_t2.asm.obj             252    0         0      
       memcpy_t2.asm.obj             156    0         0      
       ull_div_t2.asm.obj            150    0         0      
       fd_toll_t2.asm.obj            112    0         0      
       ll_div_t2.asm.obj             110    0         0      
       copy_decompress_lzss.c.obj    104    0         0      
       fd_toi_t2.asm.obj             72     0         0      
       autoinit.c.obj                68     0         0      
       ll_tofd_t2.asm.obj            64     0         0      
       boot_cortex_m.c.obj           52     0         0      
       i_tofd_t2.asm.obj             46     0         0      
       copy_decompress_none.c.obj    14     0         0      
       exit.c.obj                    4      0         0      
       pre_init.c.obj                4      0         0      
       div0.asm.obj                  2      0         0      
    +--+-----------------------------+------+---------+---------+
       Total:                        2226   0         0      
                                                             
       Stack:                        0      0         1024   
       Linker Generated:             0      32        0      
    +--+-----------------------------+------+---------+---------+
       Grand Total:                  6524   662       1080   


LINKER GENERATED COPY TABLES

__TI_cinit_table @ 00001c10 records: 1, size/record: 8, table size: 8
	.data: load addr=00001bf8, load size=00000010 bytes, run addr=20000000, run size=0000001c bytes, compression=lzss


LINKER GENERATED HANDLER TABLE

__TI_handler_table @ 00001c08 records: 2, size/record: 4, table size: 8
	index: 0, handler: __TI_decompress_lzss
	index: 1, handler: __TI_decompress_none


GLOBAL SYMBOLS: SORTED ALPHABETICALLY BY Name 

address   name                          
-------   ----                          
00001a55  ADC14_IRQHandler              
00001a55  AES256_IRQHandler             
00001a55  BusFault_Handler              
00001a5b  C$$EXIT                       
00001a55  COMP_E0_IRQHandler            
00001a55  COMP_E1_IRQHandler            
00001a55  CS_IRQHandler                 
00001a55  DMA_ERR_IRQHandler            
00001a55  DMA_INT0_IRQHandler           
00001a55  DMA_INT1_IRQHandler           
00001a55  DMA_INT2_IRQHandler           
00001a55  DMA_INT3_IRQHandler           
00001a55  DebugMon_Handler              
00001a55  Default_Handler               
00001a55  EUSCIA0_IRQHandler            
00001a55  EUSCIA1_IRQHandler            
00001a55  EUSCIA2_IRQHandler            
00001a55  EUSCIA3_IRQHandler            
00001a55  EUSCIB0_IRQHandler            
00001a55  EUSCIB1_IRQHandler            
00001a55  EUSCIB2_IRQHandler            
00001a55  EUSCIB3_IRQHandler            
00001a55  FLCTL_IRQHandler              
00001a55  FPU_IRQHandler                
00000339  GLCD_clear                    
00000313  GLCD_command_write            
00000103  GLCD_data_write               
00000d35  GLCD_init                     
00000f6f  GLCD_put_smiley_face          
00000111  GLCD_putchar                  
00000143  GLCD_putnum                   
0000012d  GLCD_putstr                   
00000321  GLCD_setCursor                
00001a55  HardFault_Handler             
00001a55  MemManage_Handler             
00001a55  NMI_Handler                   
00001a55  PCM_IRQHandler                
00000f31  PORT1_IRQHandler              
00000f31  PORT1_IRQHandler              
00001a55  PORT2_IRQHandler              
00000ef5  PORT3_IRQHandler              
00000ef5  PORT3_IRQHandler              
00001a55  PORT4_IRQHandler              
00001a55  PORT5_IRQHandler              
00001a55  PORT6_IRQHandler              
00001a55  PSS_IRQHandler                
00001a55  PendSV_Handler                
00001a55  RTC_C_IRQHandler              
00001a49  Reset_Handler                 
00000ccd  SPI_init                      
000000e5  SPI_write                     
00001a55  SVC_Handler                   
00001a55  SysTick_Handler               
20000018  SystemCoreClock               
00001017  SystemCoreClockUpdate         
00000fc1  SystemInit                    
00001a55  T32_INT1_IRQHandler           
00001a55  T32_INT2_IRQHandler           
00001a55  T32_INTC_IRQHandler           
00001a55  TA0_0_IRQHandler              
00001a55  TA0_N_IRQHandler              
00001a55  TA1_0_IRQHandler              
00001a55  TA1_N_IRQHandler              
00001a55  TA2_0_IRQHandler              
00001a55  TA2_N_IRQHandler              
00001a55  TA3_0_IRQHandler              
00001a55  TA3_N_IRQHandler              
00001a55  UsageFault_Handler            
4000480c  WDTCTL_SYM                    
00001a55  WDT_A_IRQHandler              
20010000  __STACK_END                   
00000200  __STACK_SIZE                  
00001c10  __TI_CINIT_Base               
00001c18  __TI_CINIT_Limit              
00001c08  __TI_Handler_Table_Base       
00001c10  __TI_Handler_Table_Limit      
00001955  __TI_auto_init_nobinit_nopinit
000018a5  __TI_decompress_lzss          
00001a3b  __TI_decompress_none          
ffffffff  __TI_pprof_out_hndl           
ffffffff  __TI_prof_data_size           
ffffffff  __TI_prof_data_start          
00000000  __TI_static_base__            
000016bb  __aeabi_cdcmpeq               
000016bb  __aeabi_cdcmple               
00001741  __aeabi_cdrcmple              
0000190d  __aeabi_d2iz                  
000017c7  __aeabi_d2lz                  
000011ab  __aeabi_dadd                  
00001357  __aeabi_ddiv                  
0000148d  __aeabi_dmul                  
000011a1  __aeabi_dsub                  
00001a0d  __aeabi_i2d                   
00001a5f  __aeabi_idiv0                 
00001999  __aeabi_l2d                   
00001a5f  __aeabi_ldiv0                 
00001837  __aeabi_ldivmod               
00001589  __aeabi_memcpy                
00001589  __aeabi_memcpy4               
00001589  __aeabi_memcpy8               
00001625  __aeabi_uldivmod              
ffffffff  __binit__                     
ffffffff  __c_args__                    
UNDEFED   __mpu_init                    
2000fe00  __stack                       
20000000  __start___llvm_prf_cnts       
20000000  __stop___llvm_prf_cnts        
000019d9  _c_int00_noargs               
UNDEFED   _system_post_cinit            
00001a57  _system_pre_init              
00001a5b  abort                         
20000014  alarm                         
00000575  assert                        
ffffffff  binit                         
00000599  blink                         
20000010  enter_time                    
00000507  error_blink                   
00001a60  font_table                    
20000000  i                             
20000004  ind_formula                   
00000000  interruptVectors              
00000e75  keypad_decode                 
20000008  lhs_operand                   
00000d95  main                          
00000619  math_op                       
00001589  memcpy                        
00000ca1  test_alphabet                 
00000761  test_math_op                  
00000455  test_negative_floats          
00000353  test_negative_ints            
000003b9  test_positive_floats          
00000273  test_positive_ints            
000004e3  test_putnum                   


GLOBAL SYMBOLS: SORTED BY Symbol Address 

address   name                          
-------   ----                          
00000000  __TI_static_base__            
00000000  interruptVectors              
000000e5  SPI_write                     
00000103  GLCD_data_write               
00000111  GLCD_putchar                  
0000012d  GLCD_putstr                   
00000143  GLCD_putnum                   
00000200  __STACK_SIZE                  
00000273  test_positive_ints            
00000313  GLCD_command_write            
00000321  GLCD_setCursor                
00000339  GLCD_clear                    
00000353  test_negative_ints            
000003b9  test_positive_floats          
00000455  test_negative_floats          
000004e3  test_putnum                   
00000507  error_blink                   
00000575  assert                        
00000599  blink                         
00000619  math_op                       
00000761  test_math_op                  
00000ca1  test_alphabet                 
00000ccd  SPI_init                      
00000d35  GLCD_init                     
00000d95  main                          
00000e75  keypad_decode                 
00000ef5  PORT3_IRQHandler              
00000ef5  PORT3_IRQHandler              
00000f31  PORT1_IRQHandler              
00000f31  PORT1_IRQHandler              
00000f6f  GLCD_put_smiley_face          
00000fc1  SystemInit                    
00001017  SystemCoreClockUpdate         
000011a1  __aeabi_dsub                  
000011ab  __aeabi_dadd                  
00001357  __aeabi_ddiv                  
0000148d  __aeabi_dmul                  
00001589  __aeabi_memcpy                
00001589  __aeabi_memcpy4               
00001589  __aeabi_memcpy8               
00001589  memcpy                        
00001625  __aeabi_uldivmod              
000016bb  __aeabi_cdcmpeq               
000016bb  __aeabi_cdcmple               
00001741  __aeabi_cdrcmple              
000017c7  __aeabi_d2lz                  
00001837  __aeabi_ldivmod               
000018a5  __TI_decompress_lzss          
0000190d  __aeabi_d2iz                  
00001955  __TI_auto_init_nobinit_nopinit
00001999  __aeabi_l2d                   
000019d9  _c_int00_noargs               
00001a0d  __aeabi_i2d                   
00001a3b  __TI_decompress_none          
00001a49  Reset_Handler                 
00001a55  ADC14_IRQHandler              
00001a55  AES256_IRQHandler             
00001a55  BusFault_Handler              
00001a55  COMP_E0_IRQHandler            
00001a55  COMP_E1_IRQHandler            
00001a55  CS_IRQHandler                 
00001a55  DMA_ERR_IRQHandler            
00001a55  DMA_INT0_IRQHandler           
00001a55  DMA_INT1_IRQHandler           
00001a55  DMA_INT2_IRQHandler           
00001a55  DMA_INT3_IRQHandler           
00001a55  DebugMon_Handler              
00001a55  Default_Handler               
00001a55  EUSCIA0_IRQHandler            
00001a55  EUSCIA1_IRQHandler            
00001a55  EUSCIA2_IRQHandler            
00001a55  EUSCIA3_IRQHandler            
00001a55  EUSCIB0_IRQHandler            
00001a55  EUSCIB1_IRQHandler            
00001a55  EUSCIB2_IRQHandler            
00001a55  EUSCIB3_IRQHandler            
00001a55  FLCTL_IRQHandler              
00001a55  FPU_IRQHandler                
00001a55  HardFault_Handler             
00001a55  MemManage_Handler             
00001a55  NMI_Handler                   
00001a55  PCM_IRQHandler                
00001a55  PORT2_IRQHandler              
00001a55  PORT4_IRQHandler              
00001a55  PORT5_IRQHandler              
00001a55  PORT6_IRQHandler              
00001a55  PSS_IRQHandler                
00001a55  PendSV_Handler                
00001a55  RTC_C_IRQHandler              
00001a55  SVC_Handler                   
00001a55  SysTick_Handler               
00001a55  T32_INT1_IRQHandler           
00001a55  T32_INT2_IRQHandler           
00001a55  T32_INTC_IRQHandler           
00001a55  TA0_0_IRQHandler              
00001a55  TA0_N_IRQHandler              
00001a55  TA1_0_IRQHandler              
00001a55  TA1_N_IRQHandler              
00001a55  TA2_0_IRQHandler              
00001a55  TA2_N_IRQHandler              
00001a55  TA3_0_IRQHandler              
00001a55  TA3_N_IRQHandler              
00001a55  UsageFault_Handler            
00001a55  WDT_A_IRQHandler              
00001a57  _system_pre_init              
00001a5b  C$$EXIT                       
00001a5b  abort                         
00001a5f  __aeabi_idiv0                 
00001a5f  __aeabi_ldiv0                 
00001a60  font_table                    
00001c08  __TI_Handler_Table_Base       
00001c10  __TI_CINIT_Base               
00001c10  __TI_Handler_Table_Limit      
00001c18  __TI_CINIT_Limit              
20000000  __start___llvm_prf_cnts       
20000000  __stop___llvm_prf_cnts        
20000000  i                             
20000004  ind_formula                   
20000008  lhs_operand                   
20000010  enter_time                    
20000014  alarm                         
20000018  SystemCoreClock               
2000fe00  __stack                       
20010000  __STACK_END                   
4000480c  WDTCTL_SYM                    
ffffffff  __TI_pprof_out_hndl           
ffffffff  __TI_prof_data_size           
ffffffff  __TI_prof_data_start          
ffffffff  __binit__                     
ffffffff  __c_args__                    
ffffffff  binit                         
UNDEFED   __mpu_init                    
UNDEFED   _system_post_cinit            

[133 symbols]
