******************************************************************************
                  TI ARM Linker Unix v20.2.4                   
******************************************************************************
>> Linked Thu Jul 15 11:24:05 2021

OUTPUT FILE NAME:   <Final Project - Calculator.out>
ENTRY POINT SYMBOL: "_c_int00_noargs"  address: 00001a09


MEMORY CONFIGURATION

         name            origin    length      used     unused   attr    fill
----------------------  --------  ---------  --------  --------  ----  --------
  MAIN                  00000000   00040000  00001c50  0003e3b0  R  X
  INFO                  00200000   00004000  00000000  00004000  R  X
  SRAM_CODE             01000000   00010000  00000238  0000fdc8  RW X
  SRAM_DATA             20000000   00010000  00000238  0000fdc8  RW  


SEGMENT ALLOCATION MAP

run origin  load origin   length   init length attrs members
----------  ----------- ---------- ----------- ----- -------
00000000    00000000    00001c50   00001c50    r-x
  00000000    00000000    000000e4   000000e4    r-- .intvecs
  000000e4    000000e4    000019aa   000019aa    r-x .text
  00001a8e    00001a8e    00000192   00000192    r-- .const
  00001c20    00001c20    00000030   00000030    r-- .cinit
20000000    20000000    00000038   00000000    rw-
  20000000    20000000    00000038   00000000    rw- .data
2000fe00    2000fe00    00000200   00000000    rw-
  2000fe00    2000fe00    00000200   00000000    rw- .stack


SECTION ALLOCATION MAP

 output                                  attributes/
section   page    origin      length       input sections
--------  ----  ----------  ----------   ----------------
.intvecs   0    00000000    000000e4     
                  00000000    000000e4     startup_msp432p401r_ccs.obj (.intvecs:retain)

.text      0    000000e4    000019aa     
                  000000e4    00000f90     main.obj (.text)
                  00001074    000001e0     system_msp432p401r.obj (.text)
                  00001254    000001b6     rtsv7M4_T_le_v4SPD16_eabi.lib : fd_add_t2.asm.obj (.text)
                  0000140a    00000136                                   : fd_div_t2.asm.obj (.text)
                  00001540    000000fc                                   : fd_mul_t2.asm.obj (.text)
                  0000163c    0000009c                                   : memcpy_t2.asm.obj (.text)
                  000016d8    00000096                                   : ull_div_t2.asm.obj (.text)
                  0000176e    00000086                                   : fd_cmp_t2.asm.obj (.text:__aeabi_cdcmple)
                  000017f4    00000070                                   : fd_toll_t2.asm.obj (.text)
                  00001864    0000006e                                   : ll_div_t2.asm.obj (.text)
                  000018d2    00000068                                   : copy_decompress_lzss.c.obj (.text:decompress:lzss:__TI_decompress_lzss)
                  0000193a    00000048                                   : fd_toi_t2.asm.obj (.text)
                  00001982    00000002                                   : div0.asm.obj (.text)
                  00001984    00000044                                   : autoinit.c.obj (.text:__TI_auto_init_nobinit_nopinit:__TI_auto_init_nobinit_nopinit)
                  000019c8    00000040                                   : ll_tofd_t2.asm.obj (.text)
                  00001a08    00000034                                   : boot_cortex_m.c.obj (.text:_c_int00_noargs:_c_int00_noargs)
                  00001a3c    0000002e                                   : i_tofd_t2.asm.obj (.text)
                  00001a6a    0000000e                                   : copy_decompress_none.c.obj (.text:decompress:none:__TI_decompress_none)
                  00001a78    0000000e     startup_msp432p401r_ccs.obj (.text)
                  00001a86    00000004     rtsv7M4_T_le_v4SPD16_eabi.lib : pre_init.c.obj (.text:_system_pre_init)
                  00001a8a    00000004                                   : exit.c.obj (.text:abort:abort)

.const     0    00001a8e    00000192     
                  00001a8e    00000192     main.obj (.const:font_table)

.cinit     0    00001c20    00000030     
                  00001c20    0000001d     (.cinit..data.load) [load image, compression = lzss]
                  00001c3d    00000003     --HOLE-- [fill = 0]
                  00001c40    00000008     (__TI_handler_table)
                  00001c48    00000008     (__TI_cinit_table)

.init_array 
*          0    00000000    00000000     UNINITIALIZED

.binit     0    00000000    00000000     

.data      0    20000000    00000038     UNINITIALIZED
                  20000000    00000034     main.obj (.data)
                  20000034    00000004     system_msp432p401r.obj (.data)

.stack     0    2000fe00    00000200     UNINITIALIZED
                  2000fe00    00000004     rtsv7M4_T_le_v4SPD16_eabi.lib : boot_cortex_m.c.obj (.stack)
                  2000fe04    000001fc     --HOLE--

__llvm_prf_cnts 
*          0    20000000    00000000     UNINITIALIZED

MODULE SUMMARY

       Module                        code   ro data   rw data
       ------                        ----   -------   -------
    ./
       main.obj                      3984   402       104    
       system_msp432p401r.obj        480    0         8      
       startup_msp432p401r_ccs.obj   14     228       0      
    +--+-----------------------------+------+---------+---------+
       Total:                        4478   630       112    
                                                             
    /Applications/ti/ccs1031/ccs/tools/compiler/ti-cgt-arm_20.2.4.LTS/lib/rtsv7M4_T_le_v4SPD16_eabi.lib
       fd_add_t2.asm.obj             438    0         0      
       fd_div_t2.asm.obj             310    0         0      
       fd_mul_t2.asm.obj             252    0         0      
       memcpy_t2.asm.obj             156    0         0      
       ull_div_t2.asm.obj            150    0         0      
       fd_cmp_t2.asm.obj             134    0         0      
       fd_toll_t2.asm.obj            112    0         0      
       ll_div_t2.asm.obj             110    0         0      
       copy_decompress_lzss.c.obj    104    0         0      
       fd_toi_t2.asm.obj             72     0         0      
       autoinit.c.obj                68     0         0      
       ll_tofd_t2.asm.obj            64     0         0      
       boot_cortex_m.c.obj           52     0         0      
       i_tofd_t2.asm.obj             46     0         0      
       copy_decompress_none.c.obj    14     0         0      
       exit.c.obj                    4      0         0      
       pre_init.c.obj                4      0         0      
       div0.asm.obj                  2      0         0      
    +--+-----------------------------+------+---------+---------+
       Total:                        2092   0         0      
                                                             
       Stack:                        0      0         1024   
       Linker Generated:             0      45        0      
    +--+-----------------------------+------+---------+---------+
       Grand Total:                  6570   675       1136   


LINKER GENERATED COPY TABLES

__TI_cinit_table @ 00001c48 records: 1, size/record: 8, table size: 8
	.data: load addr=00001c20, load size=0000001d bytes, run addr=20000000, run size=00000038 bytes, compression=lzss


LINKER GENERATED HANDLER TABLE

__TI_handler_table @ 00001c40 records: 2, size/record: 4, table size: 8
	index: 0, handler: __TI_decompress_lzss
	index: 1, handler: __TI_decompress_none


GLOBAL SYMBOLS: SORTED ALPHABETICALLY BY Name 

address   name                          
-------   ----                          
00001a85  ADC14_IRQHandler              
00001a85  AES256_IRQHandler             
00001a85  BusFault_Handler              
00001a8b  C$$EXIT                       
00001a85  COMP_E0_IRQHandler            
00001a85  COMP_E1_IRQHandler            
00001a85  CS_IRQHandler                 
00001a85  DMA_ERR_IRQHandler            
00001a85  DMA_INT0_IRQHandler           
00001a85  DMA_INT1_IRQHandler           
00001a85  DMA_INT2_IRQHandler           
00001a85  DMA_INT3_IRQHandler           
00001a85  DebugMon_Handler              
00001a85  Default_Handler               
00001a85  EUSCIA0_IRQHandler            
00001a85  EUSCIA1_IRQHandler            
00001a85  EUSCIA2_IRQHandler            
00001a85  EUSCIA3_IRQHandler            
00001a85  EUSCIB0_IRQHandler            
00001a85  EUSCIB1_IRQHandler            
00001a85  EUSCIB2_IRQHandler            
00001a85  EUSCIB3_IRQHandler            
00001a85  FLCTL_IRQHandler              
00001a85  FPU_IRQHandler                
00000339  GLCD_clear                    
00000313  GLCD_command_write            
00000103  GLCD_data_write               
00000cd9  GLCD_init                     
00001037  GLCD_put_smiley_face          
00000111  GLCD_putchar                  
00000143  GLCD_putnum                   
0000012d  GLCD_putstr                   
00000321  GLCD_setCursor                
00001a85  HardFault_Handler             
00001a85  MemManage_Handler             
00001a85  NMI_Handler                   
00001a85  PCM_IRQHandler                
00001001  PORT1_IRQHandler              
00001001  PORT1_IRQHandler              
00001a85  PORT2_IRQHandler              
00000f41  PORT3_IRQHandler              
00000f41  PORT3_IRQHandler              
00001a85  PORT4_IRQHandler              
00001a85  PORT5_IRQHandler              
00001a85  PORT6_IRQHandler              
00001a85  PSS_IRQHandler                
00001a85  PendSV_Handler                
00001a85  RTC_C_IRQHandler              
00001a79  Reset_Handler                 
00000c71  SPI_init                      
000000e5  SPI_write                     
00001a85  SVC_Handler                   
00001a85  SysTick_Handler               
20000034  SystemCoreClock               
000010cb  SystemCoreClockUpdate         
00001075  SystemInit                    
00001a85  T32_INT1_IRQHandler           
00001a85  T32_INT2_IRQHandler           
00001a85  T32_INTC_IRQHandler           
00001a85  TA0_0_IRQHandler              
00001a85  TA0_N_IRQHandler              
00001a85  TA1_0_IRQHandler              
00001a85  TA1_N_IRQHandler              
00001a85  TA2_0_IRQHandler              
00001a85  TA2_N_IRQHandler              
00001a85  TA3_0_IRQHandler              
00001a85  TA3_N_IRQHandler              
00001a85  UsageFault_Handler            
4000480c  WDTCTL_SYM                    
00001a85  WDT_A_IRQHandler              
20010000  __STACK_END                   
00000200  __STACK_SIZE                  
00001c48  __TI_CINIT_Base               
00001c50  __TI_CINIT_Limit              
00001c40  __TI_Handler_Table_Base       
00001c48  __TI_Handler_Table_Limit      
00001985  __TI_auto_init_nobinit_nopinit
000018d3  __TI_decompress_lzss          
00001a6b  __TI_decompress_none          
ffffffff  __TI_pprof_out_hndl           
ffffffff  __TI_prof_data_size           
ffffffff  __TI_prof_data_start          
00000000  __TI_static_base__            
0000176f  __aeabi_cdcmpeq               
0000176f  __aeabi_cdcmple               
0000193b  __aeabi_d2iz                  
000017f5  __aeabi_d2lz                  
0000125f  __aeabi_dadd                  
0000140b  __aeabi_ddiv                  
00001541  __aeabi_dmul                  
00001255  __aeabi_dsub                  
00001a3d  __aeabi_i2d                   
00001983  __aeabi_idiv0                 
000019c9  __aeabi_l2d                   
00001983  __aeabi_ldiv0                 
00001865  __aeabi_ldivmod               
0000163d  __aeabi_memcpy                
0000163d  __aeabi_memcpy4               
0000163d  __aeabi_memcpy8               
000016d9  __aeabi_uldivmod              
ffffffff  __binit__                     
ffffffff  __c_args__                    
UNDEFED   __mpu_init                    
2000fe00  __stack                       
20000000  __start___llvm_prf_cnts       
20000000  __stop___llvm_prf_cnts        
00001a09  _c_int00_noargs               
UNDEFED   _system_post_cinit            
00001a87  _system_pre_init              
00001a8b  abort                         
20000030  alarm                         
00000575  assert                        
ffffffff  binit                         
00000ed1  blink                         
00000d29  display_current_state         
00000507  error_blink                   
20000014  focus                         
20000018  focus_on_fractional           
00001a8e  font_table                    
20000020  fractional_pow10              
20000028  i                             
2000002c  ind_formula                   
00000000  interruptVectors              
00000e49  keypad_decode                 
20000000  lhs                           
00000d71  main                          
000005cd  math_op                       
0000163d  memcpy                        
20000010  operation                     
20000008  rhs                           
00000c45  test_alphabet                 
00000705  test_math_op                  
00000455  test_negative_floats          
00000353  test_negative_ints            
000003b9  test_positive_floats          
00000273  test_positive_ints            
000004e3  test_putnum                   


GLOBAL SYMBOLS: SORTED BY Symbol Address 

address   name                          
-------   ----                          
00000000  __TI_static_base__            
00000000  interruptVectors              
000000e5  SPI_write                     
00000103  GLCD_data_write               
00000111  GLCD_putchar                  
0000012d  GLCD_putstr                   
00000143  GLCD_putnum                   
00000200  __STACK_SIZE                  
00000273  test_positive_ints            
00000313  GLCD_command_write            
00000321  GLCD_setCursor                
00000339  GLCD_clear                    
00000353  test_negative_ints            
000003b9  test_positive_floats          
00000455  test_negative_floats          
000004e3  test_putnum                   
00000507  error_blink                   
00000575  assert                        
000005cd  math_op                       
00000705  test_math_op                  
00000c45  test_alphabet                 
00000c71  SPI_init                      
00000cd9  GLCD_init                     
00000d29  display_current_state         
00000d71  main                          
00000e49  keypad_decode                 
00000ed1  blink                         
00000f41  PORT3_IRQHandler              
00000f41  PORT3_IRQHandler              
00001001  PORT1_IRQHandler              
00001001  PORT1_IRQHandler              
00001037  GLCD_put_smiley_face          
00001075  SystemInit                    
000010cb  SystemCoreClockUpdate         
00001255  __aeabi_dsub                  
0000125f  __aeabi_dadd                  
0000140b  __aeabi_ddiv                  
00001541  __aeabi_dmul                  
0000163d  __aeabi_memcpy                
0000163d  __aeabi_memcpy4               
0000163d  __aeabi_memcpy8               
0000163d  memcpy                        
000016d9  __aeabi_uldivmod              
0000176f  __aeabi_cdcmpeq               
0000176f  __aeabi_cdcmple               
000017f5  __aeabi_d2lz                  
00001865  __aeabi_ldivmod               
000018d3  __TI_decompress_lzss          
0000193b  __aeabi_d2iz                  
00001983  __aeabi_idiv0                 
00001983  __aeabi_ldiv0                 
00001985  __TI_auto_init_nobinit_nopinit
000019c9  __aeabi_l2d                   
00001a09  _c_int00_noargs               
00001a3d  __aeabi_i2d                   
00001a6b  __TI_decompress_none          
00001a79  Reset_Handler                 
00001a85  ADC14_IRQHandler              
00001a85  AES256_IRQHandler             
00001a85  BusFault_Handler              
00001a85  COMP_E0_IRQHandler            
00001a85  COMP_E1_IRQHandler            
00001a85  CS_IRQHandler                 
00001a85  DMA_ERR_IRQHandler            
00001a85  DMA_INT0_IRQHandler           
00001a85  DMA_INT1_IRQHandler           
00001a85  DMA_INT2_IRQHandler           
00001a85  DMA_INT3_IRQHandler           
00001a85  DebugMon_Handler              
00001a85  Default_Handler               
00001a85  EUSCIA0_IRQHandler            
00001a85  EUSCIA1_IRQHandler            
00001a85  EUSCIA2_IRQHandler            
00001a85  EUSCIA3_IRQHandler            
00001a85  EUSCIB0_IRQHandler            
00001a85  EUSCIB1_IRQHandler            
00001a85  EUSCIB2_IRQHandler            
00001a85  EUSCIB3_IRQHandler            
00001a85  FLCTL_IRQHandler              
00001a85  FPU_IRQHandler                
00001a85  HardFault_Handler             
00001a85  MemManage_Handler             
00001a85  NMI_Handler                   
00001a85  PCM_IRQHandler                
00001a85  PORT2_IRQHandler              
00001a85  PORT4_IRQHandler              
00001a85  PORT5_IRQHandler              
00001a85  PORT6_IRQHandler              
00001a85  PSS_IRQHandler                
00001a85  PendSV_Handler                
00001a85  RTC_C_IRQHandler              
00001a85  SVC_Handler                   
00001a85  SysTick_Handler               
00001a85  T32_INT1_IRQHandler           
00001a85  T32_INT2_IRQHandler           
00001a85  T32_INTC_IRQHandler           
00001a85  TA0_0_IRQHandler              
00001a85  TA0_N_IRQHandler              
00001a85  TA1_0_IRQHandler              
00001a85  TA1_N_IRQHandler              
00001a85  TA2_0_IRQHandler              
00001a85  TA2_N_IRQHandler              
00001a85  TA3_0_IRQHandler              
00001a85  TA3_N_IRQHandler              
00001a85  UsageFault_Handler            
00001a85  WDT_A_IRQHandler              
00001a87  _system_pre_init              
00001a8b  C$$EXIT                       
00001a8b  abort                         
00001a8e  font_table                    
00001c40  __TI_Handler_Table_Base       
00001c48  __TI_CINIT_Base               
00001c48  __TI_Handler_Table_Limit      
00001c50  __TI_CINIT_Limit              
20000000  __start___llvm_prf_cnts       
20000000  __stop___llvm_prf_cnts        
20000000  lhs                           
20000008  rhs                           
20000010  operation                     
20000014  focus                         
20000018  focus_on_fractional           
20000020  fractional_pow10              
20000028  i                             
2000002c  ind_formula                   
20000030  alarm                         
20000034  SystemCoreClock               
2000fe00  __stack                       
20010000  __STACK_END                   
4000480c  WDTCTL_SYM                    
ffffffff  __TI_pprof_out_hndl           
ffffffff  __TI_prof_data_size           
ffffffff  __TI_prof_data_start          
ffffffff  __binit__                     
ffffffff  __c_args__                    
ffffffff  binit                         
UNDEFED   __mpu_init                    
UNDEFED   _system_post_cinit            

[137 symbols]
